Archive member included because of file (symbol)

/Users/myu210/Desktop/MWSTAGE/MWSDK/TWENET/current/lib/libTWENET_BLUE.a(ToCoNet_event.o)
                              objs_BLUE/Slp_Wk_and_Tx.o (PRSEV_u8RegisterEx)
/Users/myu210/Desktop/MWSTAGE/MWSDK/TWENET/current/lib/libTWENET_BLUE.a(ToCoNet_main.o)
                              objs_BLUE/Slp_Wk_and_Tx.o (sToCoNet_Context)
/Users/myu210/Desktop/MWSTAGE/MWSDK/TWENET/current/lib/libTWENET_BLUE.a(ToCoNet_utils.o)
                              /Users/myu210/Desktop/MWSTAGE/MWSDK/TWENET/current/lib/libTWENET_BLUE.a(ToCoNet_main.o) (ToCoNet_u32GetVersion)
/Users/myu210/Desktop/MWSTAGE/MWSDK/TWENET/current/lib/libTWENET_BLUE.a(ToCoNet_mod_Tx.o)
                              objs_BLUE/mwx_appcore.o (ToCoNet_vReg_mod_Tx_Standard)
/Users/myu210/Desktop/MWSTAGE/MWSDK/TWENET/current/lib/libTWENET_BLUE.a(ToCoNet_mod_TxRxQueue.o)
                              objs_BLUE/mwx_appcore.o (ToCoNet_vReg_mod_TxRxQueueSmall)
/Users/myu210/Desktop/MWSTAGE/MWSDK/TWENET/current/lib/libTWENET_BLUE.a(ToCoNet_mod_Nwk_Common.o)
                              /Users/myu210/Desktop/MWSTAGE/MWSDK/TWENET/current/lib/libTWENET_BLUE.a(ToCoNet_main.o) (ToCoNet_vRxProc_Mod)
/Users/myu210/Desktop/MWSTAGE/MWSDK/TWENET/current/lib/libTWENET_BLUE.a(ToCoNet_mod_Channel_Mgr.o)
                              /Users/myu210/Desktop/MWSTAGE/MWSDK/TWENET/current/lib/libTWENET_BLUE.a(ToCoNet_mod_Tx.o) (ToCoNet_ChMgr_bCh_OnTx)
/Users/myu210/Desktop/MWSTAGE/MWSDK/TWENET/current/lib/libTWENET_BLUE.a(Version.o)
                              /Users/myu210/Desktop/MWSTAGE/MWSDK/TWENET/current/lib/libTWENET_BLUE.a(ToCoNet_utils.o) (au8ToCoNetVersionInfo)
/Users/myu210/Desktop/MWSTAGE/MWSDK/TWENET/current/lib/libTWENET_BLUE.a(AppQueueApi_ToCoNet.o)
                              /Users/myu210/Desktop/MWSTAGE/MWSDK/TWENET/current/lib/libTWENET_BLUE.a(ToCoNet_main.o) (_u32_INT_ticktimer)
/Users/myu210/Desktop/MWSTAGE/MWSDK/TWENET/current/lib/libTWENEText_BLUE.a(AppStart.o)
                              (AppColdStart)
/Users/myu210/Desktop/MWSTAGE/MWSDK/TWENET/current/lib/libTWENEText_BLUE.a(getMacAddr.o)
                              /Users/myu210/Desktop/MWSTAGE/MWSDK/TWENET/current/lib/libTWENET_BLUE.a(ToCoNet_main.o) (ToCoNet_u32GetSerialOnBoot)
/Users/myu210/Desktop/MWSTAGE/MWSDK/TWENET/current/lib/libTWENEText_BLUE.a(mac.o)
                              /Users/myu210/Desktop/MWSTAGE/MWSDK/TWENET/current/lib/libTWENET_BLUE.a(ToCoNet_main.o) (Mac_vInit)
/Users/myu210/Desktop/MWSTAGE/MWSDK/TWENET/current/lib/libTWENEText_BLUE.a(AES_CCM.o)
                              /Users/myu210/Desktop/MWSTAGE/MWSDK/TWENET/current/lib/libTWENEText_BLUE.a(AppStart.o) (bAES_CCM_KeyReg)
/Users/myu210/Desktop/MWSTAGE/MWSDK/TWENET/current/lib/libTWENEText_BLUE.a(no_ack_handler.o)
                              /Users/myu210/Desktop/MWSTAGE/MWSDK/TWENET/current/lib/libTWENEText_BLUE.a(AppStart.o) (vInstallNoAckHandler)
/Users/myu210/Desktop/MWSTAGE/MWSDK/TWENET/current/lib/libTWENEText_BLUE.a(Version.o)
                              /Users/myu210/Desktop/MWSTAGE/MWSDK/TWENET/current/lib/libTWENET_BLUE.a(ToCoNet_utils.o) (au8ToCoNetExtVersionInfo)
/Users/myu210/Desktop/MWSTAGE/MWSDK/TWENET/current/lib/libTWENETutils_BLUE.a(serial.o)
                              objs_BLUE/Slp_Wk_and_Tx.o (SERIAL_bTxChar)
/Users/myu210/Desktop/MWSTAGE/MWSDK/TWENET/current/lib/libTWENETutils_BLUE.a(uart.o)
                              /Users/myu210/Desktop/MWSTAGE/MWSDK/TWENET/current/lib/libTWENETutils_BLUE.a(serial.o) (UART_vInit)
/Users/myu210/Desktop/MWSTAGE/MWSDK/TWENET/current/lib/libTWENETutils_BLUE.a(ByteQueue.o)
                              /Users/myu210/Desktop/MWSTAGE/MWSDK/TWENET/current/lib/libTWENET_BLUE.a(ToCoNet_main.o) (QUEUE__vInit)
/Users/myu210/Desktop/MWSTAGE/MWSDK/TWENET/current/lib/libTWENETutils_BLUE.a(ccitt8.o)
                              /Users/myu210/Desktop/MWSTAGE/MWSDK/TWENET/current/lib/libTWENEText_BLUE.a(AppStart.o) (u8CCITT8)
/Users/myu210/Desktop/MWSTAGE/MWSDK/TWENET/current/lib/libTWENETutils_BLUE.a(fprintf.o)
                              objs_BLUE/sensors/legacy/sensor_driver.o (vfPrintf)
/Users/myu210/Desktop/MWSTAGE/MWSDK/TWENET/current/lib/libTWENETutils_BLUE.a(utils.o)
                              objs_BLUE/mwx_appcore.o (vTimerConfig)
/Users/myu210/Desktop/MWSTAGE/MWSDK/TWENET/current/lib/libTWENETutils_BLUE.a(ccm.o)
                              /Users/myu210/Desktop/MWSTAGE/MWSDK/TWENET/current/lib/libTWENEText_BLUE.a(AES_CCM.o) (ccm_init_and_key)
/Users/myu210/Desktop/MWSTAGE/MWSDK/TWENET/current/lib/libTWENETutils_BLUE.a(Version.o)
                              /Users/myu210/Desktop/MWSTAGE/MWSDK/TWENET/current/lib/libTWENET_BLUE.a(ToCoNet_utils.o) (au8ToCoNetUtilsVersionInfo)
/Users/myu210/Desktop/MWSTAGE/MWSDK/TWENET/current/lib/libTWENETutils_BLUE.a(aescrypt.o)
                              /Users/myu210/Desktop/MWSTAGE/MWSDK/TWENET/current/lib/libTWENETutils_BLUE.a(ccm.o) (aes_encrypt)
[...]
Memory Configuration

Name             Origin             Length             Attributes
flash            0x0000000000080000 0x0000000000028000
ram              0x000000000400004c 0x0000000000007fb4
*default*        0x0000000000000000 0xffffffffffffffff

Linker script and memory map

LOAD objs_BLUE/sensors/legacy/SMBus.o
LOAD objs_BLUE/sensors/legacy/sensor_driver.o
LOAD objs_BLUE/sensors/legacy/SHTC3.o
LOAD objs_BLUE/sensors/legacy/SHT31.o
LOAD objs_BLUE/sensors/legacy/LTR308ALS.o
LOAD objs_BLUE/sensors/legacy/BME280.o
LOAD objs_BLUE/mwx_debug.o
LOAD objs_BLUE/Slp_Wk_and_Tx.o
LOAD objs_BLUE/mwx_utils_crc8.o
LOAD objs_BLUE/mwx_utils.o
LOAD objs_BLUE/mwx_appcore.o
LOAD objs_BLUE/mwx_memory.o
LOAD objs_BLUE/mwx_periph.o
LOAD objs_BLUE/mwx_periph_dio.o
LOAD objs_BLUE/mwx_periph_buttons.o
LOAD objs_BLUE/mwx_periph_analogue.o
LOAD objs_BLUE/mwx_periph_eeprom.o
LOAD objs_BLUE/mwx_stream.o
LOAD objs_BLUE/mwx_duplicate_checker.o
LOAD objs_BLUE/mwx_parser_pkt.o
LOAD objs_BLUE/settings/mwx_settings.o
LOAD objs_BLUE/settings/mwx_stgs_standard.o
LOAD objs_BLUE/settings/mwx_stgs_standard_core.o
LOAD objs_BLUE/settings/mwx_stgs_standard_tbl.o
LOAD objs_BLUE/boards/mwx_brd_pal_amb.o
LOAD objs_BLUE/boards/mwx_brd_pal_mot.o
LOAD objs_BLUE/boards/mwx_brd_pal_mag.o
LOAD objs_BLUE/boards/mwx_brd_pal_notice.o
LOAD objs_BLUE/boards/mwx_brd_monostick.o
LOAD objs_BLUE/boards/mwx_brd_app_twelite.o
LOAD objs_BLUE/boards/mwx_brd_cue.o
LOAD objs_BLUE/networks/mwx_nwk_simple.o
LOAD objs_BLUE/sensors/legacy/probe.o
LOAD objs_BLUE/sensors/mwx_sns_MC3630.o
LOAD objs_BLUE/sensors/mwx_sns_PCA9632.o
LOAD /Users/myu210/Desktop/MWSTAGE/MWSDK/TWENET/current/lib/libTWENET_BLUE.a
LOAD /Users/myu210/Desktop/MWSTAGE/MWSDK/TWENET/current/lib/libTWENEText_BLUE.a
LOAD /Users/myu210/Desktop/MWSTAGE/MWSDK/TWENET/current/lib/libTWENETutils_BLUE.a
LOAD /Users/myu210/Desktop/MWSTAGE/MWSDK/TWENET/current/lib/libTWENETstgs_BLUE.a
START GROUP
LOAD /Users/myu210/Desktop/MWSTAGE/MWSDK/ChipLib/SW4063V1416/Components/Library/libAppApi_JN516x.a
LOAD /Users/myu210/Desktop/MWSTAGE/MWSDK/ChipLib/SW4063V1416/Components/Library/libMAC_JN516x.a
LOAD /Users/myu210/Desktop/MWSTAGE/MWSDK/ChipLib/SW4063V1416/Components/Library/libTimerServer_JN516x.a
LOAD /Users/myu210/Desktop/MWSTAGE/MWSDK/ChipLib/SW4063V1416/Components/Library/libTOF_JN516x.a
LOAD /Users/myu210/Desktop/MWSTAGE/MWSDK/ChipLib/SW4063V1416/Components/Library/libXcv_JN516x.a
LOAD /Users/myu210/Desktop/MWSTAGE/MWSDK/ChipLib/SW4063V1416/Components/Library/libAes_JN516x.a
LOAD /Users/myu210/Desktop/MWSTAGE/MWSDK/ChipLib/SW4063V1416/Components/Library/libHardwareApi_JN516x.a
LOAD /Users/myu210/Desktop/MWSTAGE/MWSDK/ChipLib/SW4063V1416/Components/Library/libMicroSpecific_JN516x.a
LOAD /Users/myu210/Desktop/MWSTAGE/MWSDK/ChipLib/SW4063V1416/Components/Library/libBoot_JN516x.a
LOAD /Users/myu210/Desktop/MWSTAGE/MWSDK/ChipLib/SW4063V1416/Components/Library/libPDM_EEPROM_JN516x_NO_RTOS.a
LOAD /Users/myu210/Desktop/MWSTAGE/MWSDK/TWENET/current/lib/libTWENET_BLUE.a
LOAD /Users/myu210/Desktop/MWSTAGE/MWSDK/TWENET/current/lib/libTWENEText_BLUE.a
LOAD /Users/myu210/Desktop/MWSTAGE/MWSDK/TWENET/current/lib/libTWENETutils_BLUE.a
LOAD /Users/myu210/Desktop/MWSTAGE/MWSDK/TWENET/current/lib/libTWENETstgs_BLUE.a
END GROUP
LOAD /Users/myu210/Desktop/MWSTAGE/Tools/ba-elf-ba2-r36379/bin/../lib/gcc/ba-elf/4.7.4/../../../../ba-elf/lib/libstdc++.a
LOAD /Users/myu210/Desktop/MWSTAGE/Tools/ba-elf-ba2-r36379/bin/../lib/gcc/ba-elf/4.7.4/../../../../ba-elf/lib/libm.a
LOAD /Users/myu210/Desktop/MWSTAGE/Tools/ba-elf-ba2-r36379/bin/../lib/gcc/ba-elf/4.7.4/../../../../ba-elf/lib/libc.a
LOAD /Users/myu210/Desktop/MWSTAGE/Tools/ba-elf-ba2-r36379/bin/../lib/gcc/ba-elf/4.7.4/libgcc.a
LOAD /Users/myu210/Desktop/MWSTAGE/Tools/ba-elf-ba2-r36379/bin/../lib/gcc/ba-elf/4.7.4/../../../../ba-elf/lib/libc.a
                0x0000000000001000                _minimum_heap_size = 0x1000
                0x0000000000000c00                _stack_size = 0xc00
                0x0000000000080038                _exception_vsr_table = 0x80038
                0x0000000004000000                pSPIflashFncTable = 0x4000000
                0x0000000000001000                _minimum_heap_size = 0x1000
                0x0000000000000c00                _stack_size = 0xc00
                0x0000000000000044                restore_state = 0x44
                0x000000000000004a                bZSPIWaitWIPClear = 0x4a
                0x0000000000000050                u16ZSPIflashRDID = 0x50
                0x0000000000000056                u8SelectFlashChipType = 0x56
                0x000000000000005c                memcpy = 0x5c
                0x0000000000000066                vBootFlashProg = 0x66
                [0x0000000000001000]                _minimum_heap_size = DEFINED (_minimum_heap_size)?_minimum_heap_size:0xd16
                0x0000000000000000                _SwConfig = (DEFINED (g_bSWConf_Debug) | (DEFINED (g_bSWConf_AltDebugPort) << 0x1))

.version        0x000000000007fffc        0x4
                0x000000000007fffc        0x4 LONG 0x4030008

.bir            0x0000000000080000       0x10
                0x0000000000080000                _flash_start = ABSOLUTE (.)
                0x0000000000080000                _flash_beg = ABSOLUTE (.)
                0x0000000000080000        0x4 LONG 0x12345678
                0x0000000000080004        0x4 LONG 0x11223344
                0x0000000000080008        0x4 LONG 0x55667788
                0x000000000008000c        0x1 BYTE 0x8
                0x000000000008000d        0x1 BYTE 0x1
                0x000000000008000e        0x2 SHORT 0x0

.flashheader    0x0000000000080010       0x28
                0x0000000000080010        0x4 LONG 0x0
                0x0000000000080014        0x4 LONG 0x0
                0x0000000000080018        0x4 LONG 0x0
                0x000000000008001c        0x2 SHORT 0x0
                0x000000000008001e        0x2 SHORT 0x0 ABSOLUTE (_SwConfig)
                0x0000000000080020                _enc_start = ABSOLUTE (.)
                0x0000000000080020        0x4 LONG 0x11164 ABSOLUTE (_image_len)
                0x0000000000080024        0x4 LONG 0x91120 ABSOLUTE (_flash_data_start)
                0x0000000000080028        0x2 SHORT 0x13 ((ABSOLUTE (_ram_data_start) / 0x4) & 0xffff)
                0x000000000008002a        0x2 SHORT 0x11 ((ABSOLUTE (_ram_data_len) / 0x4) & 0xffff)
                0x000000000008002c        0x2 SHORT 0x24 ((ABSOLUTE (_bss_start) / 0x4) & 0xffff)
                0x000000000008002e        0x2 SHORT 0x59a ((ABSOLUTE (_bss_len) / 0x4) & 0xffff)
                0x0000000000080030        0x4 LONG 0x84aff ABSOLUTE (AppWarmStart)
                0x0000000000080034        0x4 LONG 0x845fb ABSOLUTE (AppColdStart)
                0x0000000000000000                _enc_offset = (_enc_start & 0xf)
                0x0000000000000044                PROVIDE (vException_BusError, restore_state)
                0x0000000000000044                PROVIDE (vException_UnalignedAccess, restore_state)
                0x0000000000000044                PROVIDE (vException_IllegalInstruction, restore_state)
                0x0000000000000044                PROVIDE (vException_SysCall, restore_state)
                0x0000000000000044                PROVIDE (vException_Trap, restore_state)
                0x0000000000000044                PROVIDE (vException_StackOverflow, restore_state)
                0x0000000000080038                . = ABSOLUTE (_exception_vsr_table)

.vsr_table      0x0000000000080038       0x18
                0x0000000000080038        0x4 LONG 0x44 ABSOLUTE (vException_BusError)
                0x000000000008003c        0x4 LONG 0x44 ABSOLUTE (vException_UnalignedAccess)
                0x0000000000080040        0x4 LONG 0x44 ABSOLUTE (vException_IllegalInstruction)
                0x0000000000080044        0x4 LONG 0x44 ABSOLUTE (vException_SysCall)
                0x0000000000080048        0x4 LONG 0x44 ABSOLUTE (vException_Trap)
                0x000000000008004c        0x4 LONG 0x44 ABSOLUTE (vException_StackOverflow)

.vsr_handlers   0x0000000000080050       0xaa
 *(.vsr_handlers)
 .vsr_handlers  0x0000000000080050       0xaa /Users/myu210/Desktop/MWSTAGE/MWSDK/ChipLib/SW4063V1416/Components/Library/libBoot_JN516x.a(ExceptionHandler.o)
                0x0000000000080050                _exception_external_interrupt
                0x00000000000800f8                _default_vsr_dummy

.rodata         0x0000000000080100      0x6e0
 *(.rodata*)
 .rodata.str1.1
                0x0000000000080100        0xe objs_BLUE/mwx_debug.o
 .rodata.str1.1
                0x000000000008010e      0x147 objs_BLUE/Slp_Wk_and_Tx.o
 .rodata._ZN3mwx2L1L19_ADC_PIN_TO_AHI_DEFE
                0x0000000000080255        0x5 objs_BLUE/Slp_Wk_and_Tx.o
 .rodata._ZL4MSG0
                0x000000000008025a        0xa objs_BLUE/Slp_Wk_and_Tx.o
 .rodata._ZL4MSG1
                0x0000000000080264        0xa objs_BLUE/Slp_Wk_and_Tx.o
 .rodata._ZN3mwx2L1L19_ADC_PIN_TO_AHI_DEFE
                0x000000000008026e        0x5 objs_BLUE/mwx_appcore.o
 .rodata._ZN3mwx2L1L19_ADC_PIN_TO_AHI_DEFE
                0x0000000000080273        0x5 objs_BLUE/mwx_periph_analogue.o
 .rodata.str1.1
                0x0000000000080278       0x1f objs_BLUE/mwx_duplicate_checker.o
 .rodata.str1.1
                0x0000000000080297       0xe0 objs_BLUE/networks/mwx_nwk_simple.o
                                         0xe2 (size before relaxing)
 .rodata.str1.1
                0x0000000000080377       0x11 /Users/myu210/Desktop/MWSTAGE/MWSDK/TWENET/current/lib/libTWENET_BLUE.a(ToCoNet_mod_Tx.o)
 .rodata.asStateFuncTbl
                0x0000000000080388       0x38 /Users/myu210/Desktop/MWSTAGE/MWSDK/TWENET/current/lib/libTWENET_BLUE.a(ToCoNet_mod_Tx.o)
 .rodata.au8ToCoNetVersionInfo
                0x00000000000803c0        0xc /Users/myu210/Desktop/MWSTAGE/MWSDK/TWENET/current/lib/libTWENET_BLUE.a(Version.o)
                0x00000000000803c0                au8ToCoNetVersionInfo
 .rodata.str1.1
                0x00000000000803cc       0x11 /Users/myu210/Desktop/MWSTAGE/MWSDK/TWENET/current/lib/libTWENEText_BLUE.a(AppStart.o)
 .rodata        0x00000000000803dd       0x31 /Users/myu210/Desktop/MWSTAGE/MWSDK/TWENET/current/lib/libTWENEText_BLUE.a(AppStart.o)
 *fill*         0x000000000008040e        0x2 00
 .rodata.au8k.5787
                0x0000000000080410       0x20 /Users/myu210/Desktop/MWSTAGE/MWSDK/TWENET/current/lib/libTWENEText_BLUE.a(AppStart.o)
 .rodata.au8k.5768
                0x0000000000080430       0x20 /Users/myu210/Desktop/MWSTAGE/MWSDK/TWENET/current/lib/libTWENEText_BLUE.a(AppStart.o)
 .rodata.str1.1
                0x0000000000080450       0x11 /Users/myu210/Desktop/MWSTAGE/MWSDK/TWENET/current/lib/libTWENEText_BLUE.a(mac.o)
 *fill*         0x0000000000080461        0x3 00
 .rodata.u32MacLow_TOCOS
                0x0000000000080464        0x4 /Users/myu210/Desktop/MWSTAGE/MWSDK/TWENET/current/lib/libTWENEText_BLUE.a(mac.o)
                0x0000000000080464                u32MacLow_TOCOS
 .rodata.u32MacHigh_TOCOS
                0x0000000000080468        0x4 /Users/myu210/Desktop/MWSTAGE/MWSDK/TWENET/current/lib/libTWENEText_BLUE.a(mac.o)
                0x0000000000080468                u32MacHigh_TOCOS
 .rodata.u8CRCTable
                0x000000000008046c      0x100 /Users/myu210/Desktop/MWSTAGE/MWSDK/TWENET/current/lib/libTWENETutils_BLUE.a(ccitt8.o)
 .rodata.str1.1
                0x000000000008056c       0x12 /Users/myu210/Desktop/MWSTAGE/MWSDK/TWENET/current/lib/libTWENETstgs_BLUE.a(printf.o)
 *fill*         0x000000000008057e        0x2 00
 .rodata.pow10.1520
                0x0000000000080580       0x50 /Users/myu210/Desktop/MWSTAGE/MWSDK/TWENET/current/lib/libTWENETstgs_BLUE.a(printf.o)
 .rodata.s_sPibInit
                0x00000000000805d0       0x18 /Users/myu210/Desktop/MWSTAGE/MWSDK/ChipLib/SW4063V1416/Components/Library/libMAC_JN516x.a(mac_pib_mlme.o)
 .rodata.s_atScanEvtST
                0x00000000000805e8       0x31 /Users/myu210/Desktop/MWSTAGE/MWSDK/ChipLib/SW4063V1416/Components/Library/libMAC_JN516x.a(mac_scan.o)
 *fill*         0x0000000000080619        0x3 00
 .rodata.s_aprScanHandleEvt
                0x000000000008061c       0x30 /Users/myu210/Desktop/MWSTAGE/MWSDK/ChipLib/SW4063V1416/Components/Library/libMAC_JN516x.a(mac_scan.o)
 .rodata.aeXcvBbcEvtToScanEvt.5389
                0x000000000008064c        0xa /Users/myu210/Desktop/MWSTAGE/MWSDK/ChipLib/SW4063V1416/Components/Library/libMAC_JN516x.a(mac_scan.o)
 .rodata.aeXcvPhyEvtToScanEvt.5394
                0x0000000000080656        0x6 /Users/myu210/Desktop/MWSTAGE/MWSDK/ChipLib/SW4063V1416/Components/Library/libMAC_JN516x.a(mac_scan.o)
 .rodata.psTamXcvContext
                0x000000000008065c        0x4 /Users/myu210/Desktop/MWSTAGE/MWSDK/ChipLib/SW4063V1416/Components/Library/libMAC_JN516x.a(TAM.o)
                0x000000000008065c                psTamXcvContext
 .rodata.psTamMacContext
                0x0000000000080660        0x4 /Users/myu210/Desktop/MWSTAGE/MWSDK/ChipLib/SW4063V1416/Components/Library/libMAC_JN516x.a(TAM.o)
                0x0000000000080660                psTamMacContext
 .rodata.psTAMcontext
                0x0000000000080664        0x4 /Users/myu210/Desktop/MWSTAGE/MWSDK/ChipLib/SW4063V1416/Components/Library/libMAC_JN516x.a(TAM.o)
                0x0000000000080664                psTAMcontext
 .rodata.au8XcvToTAMevent.5139
                0x0000000000080668        0xa /Users/myu210/Desktop/MWSTAGE/MWSDK/ChipLib/SW4063V1416/Components/Library/libMAC_JN516x.a(TAM.o)
 .rodata        0x0000000000080672        0xe /Users/myu210/Desktop/MWSTAGE/MWSDK/ChipLib/SW4063V1416/Components/Library/libMAC_JN516x.a(TAMcommon.o)
 .rodata.au8StateActions
                0x0000000000080680       0x8c /Users/myu210/Desktop/MWSTAGE/MWSDK/ChipLib/SW4063V1416/Components/Library/libMAC_JN516x.a(TAMevent.o)
                0x0000000000080680                au8StateActions
 .rodata.apvActionCalls
                0x000000000008070c       0x88 /Users/myu210/Desktop/MWSTAGE/MWSDK/ChipLib/SW4063V1416/Components/Library/libMAC_JN516x.a(TAMevent.o)
                0x000000000008070c                apvActionCalls
 .rodata.au8MICLenLUT.4346
                0x0000000000080794        0x4 /Users/myu210/Desktop/MWSTAGE/MWSDK/ChipLib/SW4063V1416/Components/Library/libMAC_JN516x.a(TAMsecurity.o)
 .rodata.CSWTCH.31
                0x0000000000080798        0x3 /Users/myu210/Desktop/MWSTAGE/MWSDK/ChipLib/SW4063V1416/Components/Library/libMAC_JN516x.a(TAMsecurity.o)
 .rodata.CSWTCH.7
                0x000000000008079b        0x7 /Users/myu210/Desktop/MWSTAGE/MWSDK/ChipLib/SW4063V1416/Components/Library/libMAC_JN516x.a(TAM_AES.o)
 .rodata.CSWTCH.12
                0x00000000000807a2        0x3 /Users/myu210/Desktop/MWSTAGE/MWSDK/ChipLib/SW4063V1416/Components/Library/libMAC_JN516x.a(TAM_AES.o)
 .rodata.au8dataSizeTable
                0x00000000000807a5        0xd /Users/myu210/Desktop/MWSTAGE/MWSDK/ChipLib/SW4063V1416/Components/Library/libAes_JN516x.a(AEScoprocessorAPI.o)
                0x00000000000807a5                au8dataSizeTable
 .rodata.au8FlashWaitStates32MXO
                0x00000000000807b2        0x8 /Users/myu210/Desktop/MWSTAGE/MWSDK/ChipLib/SW4063V1416/Components/Library/libHardwareApi_JN516x.a(AHI_System.o)
 .rodata.au8FlashWaitStatesHSRCO
                0x00000000000807ba        0x8 /Users/myu210/Desktop/MWSTAGE/MWSDK/ChipLib/SW4063V1416/Components/Library/libHardwareApi_JN516x.a(AHI_System.o)
 *fill*         0x00000000000807c2        0x2 00
 .rodata.CSWTCH.35
                0x00000000000807c4       0x14 /Users/myu210/Desktop/MWSTAGE/MWSDK/ChipLib/SW4063V1416/Components/Library/libHardwareApi_JN516x.a(AHI_Timer.o)
 .rodata.au32UartAddrOffset
                0x00000000000807d8        0x8 /Users/myu210/Desktop/MWSTAGE/MWSDK/ChipLib/SW4063V1416/Components/Library/libHardwareApi_JN516x.a(AHI_Uart.o)
                0x00000000000807d8                au32UartAddrOffset

.text           0x00000000000807e0    0x1093f
 *(.text*)
 .text.MWX_DebugMsg
                0x00000000000807e0       0x43 objs_BLUE/mwx_debug.o
                0x00000000000807e0                MWX_DebugMsg
 .text.MWX_Panic
                0x0000000000080823       0x4f objs_BLUE/mwx_debug.o
                0x0000000000080823                MWX_Panic
 .text._ZN3mwx2L110serial_jen7vOutputEcPv
                0x0000000000080872        0xc objs_BLUE/Slp_Wk_and_Tx.o
                0x0000000000080872                mwx::L1::serial_jen::vOutput(char, void*)
 .text._ZN3mwx2L112appdefs_crtpINS0_9NwkSimpleEE15_cbTweNet_vMainEPv
                0x000000000008087e        0x3 objs_BLUE/Slp_Wk_and_Tx.o
                0x000000000008087e                mwx::L1::appdefs_crtp<mwx::L1::NwkSimple>::_cbTweNet_vMain(void*)
 .text._ZN3mwx2L112appdefs_crtpINS0_9NwkSimpleEE19_cbTweNet_vNwkEventEPvRNS0_13packet_ev_nwkE
                0x0000000000080881       0x11 objs_BLUE/Slp_Wk_and_Tx.o
                0x0000000000080881                mwx::L1::appdefs_crtp<mwx::L1::NwkSimple>::_cbTweNet_vNwkEvent(void*, mwx::L1::packet_ev_nwk&)
 .text._ZN3mwx2L112appdefs_crtpINS0_9NwkSimpleEE18_cbTweNet_vTxEventEPvRNS0_12packet_ev_txE
                0x0000000000080892       0x1a objs_BLUE/Slp_Wk_and_Tx.o
                0x0000000000080892                mwx::L1::appdefs_crtp<mwx::L1::NwkSimple>::_cbTweNet_vTxEvent(void*, mwx::L1::packet_ev_tx&)
 .text._ZN3mwx2L114processev_crtpINS0_9NwkSimpleEE14vProcessEvCoreEP8_tsEvent7teEventm
                0x00000000000808ac       0x16 objs_BLUE/Slp_Wk_and_Tx.o
                0x00000000000808ac                mwx::L1::processev_crtp<mwx::L1::NwkSimple>::vProcessEvCore(_tsEvent*, teEvent, unsigned long)
 .text._ZN3mwx2L112appdefs_crtpINS0_9NwkSimpleEE9_on_eventEPvmRm
                0x00000000000808c2       0x18 objs_BLUE/Slp_Wk_and_Tx.o
                0x00000000000808c2                mwx::L1::appdefs_crtp<mwx::L1::NwkSimple>::_on_event(void*, unsigned long, unsigned long&)
 .text._ZN3mwx2L112appdefs_crtpINS0_9NwkSimpleEE18_cbTweNet_vRxEventEPvRNS0_9packet_rxE
                0x00000000000808da        0x9 objs_BLUE/Slp_Wk_and_Tx.o
                0x00000000000808da                mwx::L1::appdefs_crtp<mwx::L1::NwkSimple>::_cbTweNet_vRxEvent(void*, mwx::L1::packet_rx&)
 .text._ZN3mwx2L112appdefs_crtpINS0_9NwkSimpleEE18_cbTweNet_vHwEventEPvmm
                0x00000000000808e3        0x9 objs_BLUE/Slp_Wk_and_Tx.o
                0x00000000000808e3                mwx::L1::appdefs_crtp<mwx::L1::NwkSimple>::_cbTweNet_vHwEvent(void*, unsigned long, unsigned long)
 .text._ZN3mwx2L112appdefs_crtpINS0_9NwkSimpleEE17_cbTweNet_u8HwIntEPvmm
                0x00000000000808ec        0x9 objs_BLUE/Slp_Wk_and_Tx.o
                0x00000000000808ec                mwx::L1::appdefs_crtp<mwx::L1::NwkSimple>::_cbTweNet_u8HwInt(void*, unsigned long, unsigned long)
 .text._ZN3mwx2L16streamINS0_10serial_jenEElsERNS0_18MWX_Stream_EndLineE.isra.22
                0x00000000000808f5       0x1c objs_BLUE/Slp_Wk_and_Tx.o
 .text._ZN3mwx2L19packet_txC2Ev
                0x0000000000080911       0x33 objs_BLUE/Slp_Wk_and_Tx.o
                0x0000000000080911                mwx::L1::packet_tx::packet_tx()
                0x0000000000080911                mwx::L1::packet_tx::packet_tx()
 .text._ZN3mwx2L115periph_analogue5setupEbhPFvvE
                0x0000000000080944       0x5f objs_BLUE/Slp_Wk_and_Tx.o
                0x0000000000080944                mwx::L1::periph_analogue::setup(bool, unsigned char, void (*)())
 .text._ZN3mwx2L115periph_analogue5beginEv
                0x00000000000809a3       0x94 objs_BLUE/Slp_Wk_and_Tx.o
                0x00000000000809a3                mwx::L1::periph_analogue::begin()
 .text._ZN3mwx2L16streamINS0_10serial_jenEElsEi
                0x0000000000080a37       0x1e objs_BLUE/Slp_Wk_and_Tx.o
                0x0000000000080a37                mwx::L1::stream<mwx::L1::serial_jen>::operator<<(int)
 .text._ZN3mwx2L123twenet_instance_manager3useINS0_9NwkSimpleEEERT_Rm
                0x0000000000080a55       0xe1 objs_BLUE/Slp_Wk_and_Tx.o
                0x0000000000080a55                mwx::L1::NwkSimple& mwx::L1::twenet_instance_manager::use<mwx::L1::NwkSimple>(unsigned long&)
 .text._ZN3mwx2L16streamINS0_10serial_jenEE6_printEPKc
                0x0000000000080b36       0x25 objs_BLUE/Slp_Wk_and_Tx.o
                0x0000000000080b36                mwx::L1::stream<mwx::L1::serial_jen>::_print(char const*)
 .text._Z5beginv
                0x0000000000080b5b       0x1e objs_BLUE/Slp_Wk_and_Tx.o
                0x0000000000080b5b                begin()
 .text._Z12check_buttonv
                0x0000000000080b79       0x65 objs_BLUE/Slp_Wk_and_Tx.o
                0x0000000000080b79                check_button()
 .text._Z8SleepNowv
                0x0000000000080bde       0x5f objs_BLUE/Slp_Wk_and_Tx.o
                0x0000000000080bde                SleepNow()
 .text._Z6wakeupv
                0x0000000000080c3d       0x2e objs_BLUE/Slp_Wk_and_Tx.o
                0x0000000000080c3d                wakeup()
 .text._Z5setupv
                0x0000000000080c6b      0x104 objs_BLUE/Slp_Wk_and_Tx.o
                0x0000000000080c6b                setup()
 .text._ZN3mwx2L18_smplbufIhNS0_12alloc_attachIhEEE9push_backEOh
                0x0000000000080d6f       0x1d objs_BLUE/Slp_Wk_and_Tx.o
                0x0000000000080d6f                mwx::L1::_smplbuf<unsigned char, mwx::L1::alloc_attach<unsigned char> >::push_back(unsigned char&&)
 .text._ZN3mwx2L114_pack_bytes_pbINS0_8_smplbufIhNS0_12alloc_attachIhEEEEKcImEEEiRT_St4pairIPT0_iEDpOT1_
                0x0000000000080d8c       0x6d objs_BLUE/Slp_Wk_and_Tx.o
                0x0000000000080d8c                _ZN3mwx2L114_pack_bytes_pbINS0_8_smplbufIhNS0_12alloc_attachIhEEEEKcJmEEEiRT_St4pairIPT0_iEDpOT1_
                0x0000000000080d8c                int mwx::L1::_pack_bytes_pb<mwx::L1::_smplbuf<unsigned char, mwx::L1::alloc_attach<unsigned char> >, char const, unsigned long>(mwx::L1::_smplbuf<unsigned char, mwx::L1::alloc_attach<unsigned char> >&, std::pair<char const*, int>, unsigned long&&)
 .text._Z9vTransmitPKc
                0x0000000000080df9       0xa8 objs_BLUE/Slp_Wk_and_Tx.o
                0x0000000000080df9                vTransmit(char const*)
 *fill*         0x0000000000080ea1        0x3 00
 .text._Z4loopv
                0x0000000000080ea4      0x230 objs_BLUE/Slp_Wk_and_Tx.o
                0x0000000000080ea4                loop()
 .text._ZN3mwx2L110serial_jenC2Eh
                0x00000000000810d4       0x2e objs_BLUE/mwx_appcore.o
                0x00000000000810d4                mwx::L1::serial_jen::serial_jen(unsigned char)
                0x00000000000810d4                mwx::L1::serial_jen::serial_jen(unsigned char)
 .text._ZN3mwx2L110serial_jen6_beginEv
                0x0000000000081102       0x5a objs_BLUE/mwx_appcore.o
                0x0000000000081102                mwx::L1::serial_jen::_begin()
 .text._ZN3mwx2L110serial_jen10_on_wakeupEv.part.16
                0x000000000008115c       0x53 objs_BLUE/mwx_appcore.o
 .text._ZN3mwx2L110serial_jen5flushEv
                0x00000000000811af        0xf objs_BLUE/mwx_appcore.o
                0x00000000000811af                mwx::L1::serial_jen::flush()
 .text._ZN3mwx2L112appdefs_virt5setupEv
                0x00000000000811be       0x1b objs_BLUE/mwx_appcore.o
                0x00000000000811be                mwx::L1::appdefs_virt::setup()
 .text._ZN3mwx2L112appdefs_virt19cbToCoNet_vNwkEventERNS0_13packet_ev_nwkE
                0x00000000000811d9       0x12 objs_BLUE/mwx_appcore.o
                0x00000000000811d9                mwx::L1::appdefs_virt::cbToCoNet_vNwkEvent(mwx::L1::packet_ev_nwk&)
 .text._ZN3mwx2L112appdefs_virt18cbToCoNet_vRxEventERNS0_9packet_rxE
                0x00000000000811eb       0x12 objs_BLUE/mwx_appcore.o
                0x00000000000811eb                mwx::L1::appdefs_virt::cbToCoNet_vRxEvent(mwx::L1::packet_rx&)
 .text._ZN3mwx2L112appdefs_virt18cbToCoNet_vTxEventERNS0_12packet_ev_txE
                0x00000000000811fd       0x12 objs_BLUE/mwx_appcore.o
                0x00000000000811fd                mwx::L1::appdefs_virt::cbToCoNet_vTxEvent(mwx::L1::packet_ev_tx&)
 .text._ZN3mwx2L112appdefs_virt8on_eventEmRm
                0x000000000008120f       0x12 objs_BLUE/mwx_appcore.o
                0x000000000008120f                mwx::L1::appdefs_virt::on_event(unsigned long, unsigned long&)
 .text._ZN3mwx2L112periph_timer9_on_sleepEv
                0x0000000000081221       0x32 objs_BLUE/mwx_appcore.o
                0x0000000000081221                mwx::L1::periph_timer::_on_sleep()
 .text._ZN3mwx2L112periph_timer10_on_wakeupEv
                0x0000000000081253       0x3e objs_BLUE/mwx_appcore.o
                0x0000000000081253                mwx::L1::periph_timer::_on_wakeup()
 .text._ZN3mwx2L115periph_analogueC2Ev
                0x0000000000081291       0x2b objs_BLUE/mwx_appcore.o
                0x0000000000081291                mwx::L1::periph_analogue::periph_analogue()
                0x0000000000081291                mwx::L1::periph_analogue::periph_analogue()
 .text._ZN3mwx2L115periph_analogue10_adc_startEv
                0x00000000000812bc       0x56 objs_BLUE/mwx_appcore.o
                0x00000000000812bc                mwx::L1::periph_analogue::_adc_start()
 .text._ZN3mwx2L122twenet_rx_packet_queue5_pushERNS0_9packet_rxE
                0x0000000000081312       0x96 objs_BLUE/mwx_appcore.o
                0x0000000000081312                mwx::L1::twenet_rx_packet_queue::_push(mwx::L1::packet_rx&)
 .text._Z13init_coldbootv
                0x00000000000813a8        0x3 objs_BLUE/mwx_appcore.o
                0x00000000000813a8                init_coldboot()
 .text._Z13init_warmbootv
                0x00000000000813ab        0x3 objs_BLUE/mwx_appcore.o
                0x00000000000813ab                init_warmboot()
 .text.cbToCoNet_vMain
                0x00000000000813ae       0x9a objs_BLUE/mwx_appcore.o
                0x00000000000813ae                cbToCoNet_vMain
 .text.cbToCoNet_vNwkEvent
                0x0000000000081448       0x74 objs_BLUE/mwx_appcore.o
                0x0000000000081448                cbToCoNet_vNwkEvent
 .text.cbToCoNet_vRxEvent
                0x00000000000814bc       0x89 objs_BLUE/mwx_appcore.o
                0x00000000000814bc                cbToCoNet_vRxEvent
 .text.cbToCoNet_vTxEvent
                0x0000000000081545       0xe5 objs_BLUE/mwx_appcore.o
                0x0000000000081545                cbToCoNet_vTxEvent
 *fill*         0x000000000008162a        0x2 00
 .text.cbToCoNet_vHwEvent
                0x000000000008162c      0x164 objs_BLUE/mwx_appcore.o
                0x000000000008162c                cbToCoNet_vHwEvent
 .text.cbToCoNet_u8HwInt
                0x0000000000081790       0x91 objs_BLUE/mwx_appcore.o
                0x0000000000081790                cbToCoNet_u8HwInt
 .text._Z16_MWX_periph_initv
                0x0000000000081821       0xb8 objs_BLUE/mwx_appcore.o
                0x0000000000081821                _MWX_periph_init()
 .text._Z13_MWX_vOnSleepv
                0x00000000000818d9       0xbf objs_BLUE/mwx_appcore.o
                0x00000000000818d9                _MWX_vOnSleep()
 .text._Z14_MWX_vOnWakeupv
                0x0000000000081998      0x1b6 objs_BLUE/mwx_appcore.o
                0x0000000000081998                _MWX_vOnWakeup()
 .text.cbAppWarmStart
                0x0000000000081b4e       0xa6 objs_BLUE/mwx_appcore.o
                0x0000000000081b4e                cbAppWarmStart
 .text._ZN3mwx2L113serial_parserINS0_10alloc_heapIhEEEC2Ev
                0x0000000000081bf4       0x22 objs_BLUE/mwx_appcore.o
                0x0000000000081bf4                mwx::L1::serial_parser<mwx::L1::alloc_heap<unsigned char> >::serial_parser()
                0x0000000000081bf4                mwx::L1::serial_parser<mwx::L1::alloc_heap<unsigned char> >::serial_parser()
 .text._ZN3mwx2L114periph_twowireILi32EEC2Ev
                0x0000000000081c16       0x23 objs_BLUE/mwx_appcore.o
                0x0000000000081c16                mwx::L1::periph_twowire<32>::periph_twowire()
                0x0000000000081c16                mwx::L1::periph_twowire<32>::periph_twowire()
 .text._ZN3mwx2L111alloc_localISt4pairINS0_9packet_rxE11tsRxDataAppELi2EEC2Ev
                0x0000000000081c39       0x47 objs_BLUE/mwx_appcore.o
                0x0000000000081c39                mwx::L1::alloc_local<std::pair<mwx::L1::packet_rx, tsRxDataApp>, 2>::alloc_local()
                0x0000000000081c39                mwx::L1::alloc_local<std::pair<mwx::L1::packet_rx, tsRxDataApp>, 2>::alloc_local()
 .text._ZN3mwx2L16twenetC2Ev
                0x0000000000081c80       0x62 objs_BLUE/mwx_appcore.o
                0x0000000000081c80                mwx::L1::twenet::twenet()
                0x0000000000081c80                mwx::L1::twenet::twenet()
 .text.cbAppColdStart
                0x0000000000081ce2      0x199 objs_BLUE/mwx_appcore.o
                0x0000000000081ce2                cbAppColdStart
 .text._Znwm    0x0000000000081e7b       0x25 objs_BLUE/mwx_memory.o
                0x0000000000081e7b                operator new(unsigned long)
 .text._Znam    0x0000000000081ea0        0x2 objs_BLUE/mwx_memory.o
                0x0000000000081ea0                operator new[](unsigned long)
 .text._Z6randommm
                0x0000000000081ea2       0x3a objs_BLUE/mwx_periph.o
                0x0000000000081ea2                random(unsigned long, unsigned long)
 *fill*         0x0000000000081edc        0x0 00
 .text._Z7pinModehN3mwx2L111enum_wapperIN8PIN_MODE13eMWX_DIO_MODEEhEE
                0x0000000000081edc      0x188 objs_BLUE/mwx_periph_dio.o
                0x0000000000081edc                pinMode(unsigned char, mwx::L1::enum_wapper<PIN_MODE::eMWX_DIO_MODE, unsigned char>)
 .text._ZN3mwx2L114periph_buttons5setupEh
                0x0000000000082064       0x2f objs_BLUE/mwx_periph_buttons.o
                0x0000000000082064                mwx::L1::periph_buttons::setup(unsigned char)
 .text._ZN3mwx2L114periph_buttons5beginEmht
                0x0000000000082093       0x70 objs_BLUE/mwx_periph_buttons.o
                0x0000000000082093                mwx::L1::periph_buttons::begin(unsigned long, unsigned char, unsigned short)
 .text._ZN3mwx2L114periph_buttons4readERmS2_
                0x0000000000082103       0x36 objs_BLUE/mwx_periph_buttons.o
                0x0000000000082103                mwx::L1::periph_buttons::read(unsigned long&, unsigned long&)
 .text._ZN3mwx2L114periph_buttons6_checkEv
                0x0000000000082139       0xf8 objs_BLUE/mwx_periph_buttons.o
                0x0000000000082139                mwx::L1::periph_buttons::_check()
 .text._ZN3mwx2L115periph_analogue11ADC_handlerEmm
                0x0000000000082231       0x9b objs_BLUE/mwx_periph_analogue.o
                0x0000000000082231                mwx::L1::periph_analogue::ADC_handler(unsigned long, unsigned long)
 .text._ZN3mwx2L117duplciate_checker14_node_ele_initEPNS1_9_node_eleE
                0x00000000000822cc       0x1f objs_BLUE/mwx_duplicate_checker.o
                0x00000000000822cc                mwx::L1::duplciate_checker::_node_ele_init(mwx::L1::duplciate_checker::_node_ele*)
 .text._ZN3mwx2L117duplciate_checker5beginEv
                0x00000000000822eb       0xab objs_BLUE/mwx_duplicate_checker.o
                0x00000000000822eb                mwx::L1::duplciate_checker::begin()
 .text._ZN3mwx2L117duplciate_checker15_node_ele_cleanEPNS1_9_node_eleE
                0x0000000000082396       0x52 objs_BLUE/mwx_duplicate_checker.o
                0x0000000000082396                mwx::L1::duplciate_checker::_node_ele_clean(mwx::L1::duplciate_checker::_node_ele*)
 .text._ZN3mwx2L117duplciate_checker5cleanEv
                0x00000000000823e8       0x51 objs_BLUE/mwx_duplicate_checker.o
                0x00000000000823e8                mwx::L1::duplciate_checker::clean()
 .text._ZN3mwx2L117duplciate_checker13_node_ele_addEPNS1_9_node_eleEh
                0x0000000000082439       0x38 objs_BLUE/mwx_duplicate_checker.o
                0x0000000000082439                mwx::L1::duplciate_checker::_node_ele_add(mwx::L1::duplciate_checker::_node_ele*, unsigned char)
 .text._ZN3mwx2L117duplciate_checker3addEmh
                0x0000000000082471      0x1eb objs_BLUE/mwx_duplicate_checker.o
                0x0000000000082471                mwx::L1::duplciate_checker::add(unsigned long, unsigned char)
 .text._ZN3mwx2L110twenet_mac8transmitERNS0_9packet_txE
                0x000000000008265c       0x9d objs_BLUE/networks/mwx_nwk_simple.o
                0x000000000008265c                mwx::L1::twenet_mac::transmit(mwx::L1::packet_tx&)
 .text._ZN3mwx2L19NwkSimple9on_createERm
                0x00000000000826f9       0x4d objs_BLUE/networks/mwx_nwk_simple.o
                0x00000000000826f9                mwx::L1::NwkSimple::on_create(unsigned long&)
 .text._ZN3mwx2L19NwkSimple8on_beginERm
                0x0000000000082746       0x3e objs_BLUE/networks/mwx_nwk_simple.o
                0x0000000000082746                mwx::L1::NwkSimple::on_begin(unsigned long&)
 .text._ZN3mwx2L19NwkSimple13state_handlerILi0EEEvmm
                0x0000000000082784       0x20 objs_BLUE/networks/mwx_nwk_simple.o
                0x0000000000082784                void mwx::L1::NwkSimple::state_handler<0>(unsigned long, unsigned long)
 .text._ZN3mwx2L19NwkSimple16cbTweNet_u8HwIntEmm
                0x00000000000827a4        0x5 objs_BLUE/networks/mwx_nwk_simple.o
                0x00000000000827a4                mwx::L1::NwkSimple::cbTweNet_u8HwInt(unsigned long, unsigned long)
 .text._ZN3mwx2L19NwkSimple17cbTweNet_vHwEventEmm
                0x00000000000827a9        0x3 objs_BLUE/networks/mwx_nwk_simple.o
                0x00000000000827a9                mwx::L1::NwkSimple::cbTweNet_vHwEvent(unsigned long, unsigned long)
 .text._ZN3mwx2L19NwkSimple19processStateMachineEP8_tsEvent7teEventm
                0x00000000000827ac       0x11 objs_BLUE/networks/mwx_nwk_simple.o
                0x00000000000827ac                mwx::L1::NwkSimple::processStateMachine(_tsEvent*, teEvent, unsigned long)
 .text._ZN3mwx2L111_pack_bytesIImhEEEiPhS2_RKmDpOT_
                0x00000000000827bd       0x63 objs_BLUE/networks/mwx_nwk_simple.o
                0x00000000000827bd                _ZN3mwx2L111_pack_bytesIJmhEEEiPhS2_RKmDpOT_
                0x00000000000827bd                int mwx::L1::_pack_bytes<unsigned long, unsigned char>(unsigned char*, unsigned char*, unsigned long const&, unsigned long&&, unsigned char&&)
 .text._ZN3mwx2L19NwkSimple8transmitERNS0_20packet_tx_nwk_simpleIS1_EE
                0x0000000000082820      0x123 objs_BLUE/networks/mwx_nwk_simple.o
                0x0000000000082820                mwx::L1::NwkSimple::transmit(mwx::L1::packet_tx_nwk_simple<mwx::L1::NwkSimple>&)
 .text._ZN3mwx2L113_expand_bytesIIRmRhEEEiPKhS5_S2_DpOT_
                0x0000000000082943       0x71 objs_BLUE/networks/mwx_nwk_simple.o
                0x0000000000082943                _ZN3mwx2L113_expand_bytesIJRmRhEEEiPKhS5_S2_DpOT_
                0x0000000000082943                int mwx::L1::_expand_bytes<unsigned long&, unsigned char&>(unsigned char const*, unsigned char const*, unsigned long&, unsigned long&, unsigned char&)
 .text._ZN3mwx2L19NwkSimple7receiveERNS0_9packet_rxE
                0x00000000000829b4      0x28e objs_BLUE/networks/mwx_nwk_simple.o
                0x00000000000829b4                mwx::L1::NwkSimple::receive(mwx::L1::packet_rx&)
 .text.PRSEV_vProcessEv_core
                0x0000000000082c42       0xa2 /Users/myu210/Desktop/MWSTAGE/MWSDK/TWENET/current/lib/libTWENET_BLUE.a(ToCoNet_event.o)
 .text.PRSEV_vInit
                0x0000000000082ce4       0x4a /Users/myu210/Desktop/MWSTAGE/MWSDK/TWENET/current/lib/libTWENET_BLUE.a(ToCoNet_event.o)
                0x0000000000082ce4                PRSEV_vInit
 .text.PRSEV_u8Register
                0x0000000000082d2e       0x3e /Users/myu210/Desktop/MWSTAGE/MWSDK/TWENET/current/lib/libTWENET_BLUE.a(ToCoNet_event.o)
                0x0000000000082d2e                PRSEV_u8Register
 .text.PRSEV_u8RegisterEx
                0x0000000000082d6c       0x3e /Users/myu210/Desktop/MWSTAGE/MWSDK/TWENET/current/lib/libTWENET_BLUE.a(ToCoNet_event.o)
                0x0000000000082d6c                PRSEV_u8RegisterEx
 .text.PRSEV_peGetContextH
                0x0000000000082daa       0x1c /Users/myu210/Desktop/MWSTAGE/MWSDK/TWENET/current/lib/libTWENET_BLUE.a(ToCoNet_event.o)
                0x0000000000082daa                PRSEV_peGetContextH
 .text.PRSEV_vSetStateAll
                0x0000000000082dc6       0x3b /Users/myu210/Desktop/MWSTAGE/MWSDK/TWENET/current/lib/libTWENET_BLUE.a(ToCoNet_event.o)
                0x0000000000082dc6                PRSEV_vSetStateAll
 .text.PRSEV_vSetState
                0x0000000000082e01       0x10 /Users/myu210/Desktop/MWSTAGE/MWSDK/TWENET/current/lib/libTWENET_BLUE.a(ToCoNet_event.o)
                0x0000000000082e01                PRSEV_vSetState
 .text.PRSEV_vProcessEvPost
                0x0000000000082e11       0x32 /Users/myu210/Desktop/MWSTAGE/MWSDK/TWENET/current/lib/libTWENET_BLUE.a(ToCoNet_event.o)
                0x0000000000082e11                PRSEV_vProcessEvPost
 .text._PRSEV_vProcessEv
                0x0000000000082e43        0xf /Users/myu210/Desktop/MWSTAGE/MWSDK/TWENET/current/lib/libTWENET_BLUE.a(ToCoNet_event.o)
                0x0000000000082e43                _PRSEV_vProcessEv
 .text._PRSEV_vProcessEvSingle
                0x0000000000082e52        0xd /Users/myu210/Desktop/MWSTAGE/MWSDK/TWENET/current/lib/libTWENET_BLUE.a(ToCoNet_event.o)
                0x0000000000082e52                _PRSEV_vProcessEvSingle
 .text._PRSEV_vProcessEvSingleH
                0x0000000000082e5f        0xf /Users/myu210/Desktop/MWSTAGE/MWSDK/TWENET/current/lib/libTWENET_BLUE.a(ToCoNet_event.o)
                0x0000000000082e5f                _PRSEV_vProcessEvSingleH
 .text.PRSEV_bPostEvent
                0x0000000000082e6e       0x24 /Users/myu210/Desktop/MWSTAGE/MWSDK/TWENET/current/lib/libTWENET_BLUE.a(ToCoNet_event.o)
                0x0000000000082e6e                PRSEV_bPostEvent
 .text.ToCoNet_Event_StateExec
                0x0000000000082e92       0x34 /Users/myu210/Desktop/MWSTAGE/MWSDK/TWENET/current/lib/libTWENET_BLUE.a(ToCoNet_event.o)
                0x0000000000082e92                ToCoNet_Event_StateExec
 .text.vProcessIncomingHwEvent
                0x0000000000082ec6       0xc5 /Users/myu210/Desktop/MWSTAGE/MWSDK/TWENET/current/lib/libTWENET_BLUE.a(ToCoNet_main.o)
 .text.u8HwEventHandler
                0x0000000000082f8b       0x1d /Users/myu210/Desktop/MWSTAGE/MWSDK/TWENET/current/lib/libTWENET_BLUE.a(ToCoNet_main.o)
 .text.vProcessEvCoreMac
                0x0000000000082fa8       0x67 /Users/myu210/Desktop/MWSTAGE/MWSDK/TWENET/current/lib/libTWENET_BLUE.a(ToCoNet_main.o)
                0x0000000000082fa8                vProcessEvCoreMac
 .text.ToCoNet_vDebugInit
                0x000000000008300f        0x9 /Users/myu210/Desktop/MWSTAGE/MWSDK/TWENET/current/lib/libTWENET_BLUE.a(ToCoNet_main.o)
                0x000000000008300f                ToCoNet_vDebugInit
 .text.ToCoNet_vDebugLevel
                0x0000000000083018        0x9 /Users/myu210/Desktop/MWSTAGE/MWSDK/TWENET/current/lib/libTWENET_BLUE.a(ToCoNet_main.o)
                0x0000000000083018                ToCoNet_vDebugLevel
 .text.ToCoNet_vInit
                0x0000000000083021      0x131 /Users/myu210/Desktop/MWSTAGE/MWSDK/TWENET/current/lib/libTWENET_BLUE.a(ToCoNet_main.o)
                0x0000000000083021                ToCoNet_vInit
 .text.ToCoNet_vStart
                0x0000000000083152      0x3c4 /Users/myu210/Desktop/MWSTAGE/MWSDK/TWENET/current/lib/libTWENET_BLUE.a(ToCoNet_main.o)
                0x0000000000083152                ToCoNet_vStart
 .text.ToCoNet_vMacStart
                0x0000000000083516        0xe /Users/myu210/Desktop/MWSTAGE/MWSDK/TWENET/current/lib/libTWENET_BLUE.a(ToCoNet_main.o)
                0x0000000000083516                ToCoNet_vMacStart
 .text.ToCoNet_vMain
                0x0000000000083524      0x21a /Users/myu210/Desktop/MWSTAGE/MWSDK/TWENET/current/lib/libTWENET_BLUE.a(ToCoNet_main.o)
                0x0000000000083524                ToCoNet_vMain
 .text.ToCoNet_vRfConfig
                0x000000000008373e        0x3 /Users/myu210/Desktop/MWSTAGE/MWSDK/TWENET/current/lib/libTWENET_BLUE.a(ToCoNet_main.o)
                0x000000000008373e                ToCoNet_vRfConfig
 .text.ToCoNet_bMaxTxQueueAvailable
                0x0000000000083741       0x14 /Users/myu210/Desktop/MWSTAGE/MWSDK/TWENET/current/lib/libTWENET_BLUE.a(ToCoNet_main.o)
                0x0000000000083741                ToCoNet_bMaxTxQueueAvailable
 .text.ToCoNet_bMacTxReq
                0x0000000000083755      0x120 /Users/myu210/Desktop/MWSTAGE/MWSDK/TWENET/current/lib/libTWENET_BLUE.a(ToCoNet_main.o)
                0x0000000000083755                ToCoNet_bMacTxReq
 .text._ToCoNet_bRaisePanic
                0x0000000000083875       0x31 /Users/myu210/Desktop/MWSTAGE/MWSDK/TWENET/current/lib/libTWENET_BLUE.a(ToCoNet_main.o)
                0x0000000000083875                _ToCoNet_bRaisePanic
 .text.ToCoNet_u32GetVersion
                0x00000000000838a6       0x21 /Users/myu210/Desktop/MWSTAGE/MWSDK/TWENET/current/lib/libTWENET_BLUE.a(ToCoNet_utils.o)
                0x00000000000838a6                ToCoNet_u32GetVersion
 .text.ToCoNet_u16GetPanId
                0x00000000000838c7        0x9 /Users/myu210/Desktop/MWSTAGE/MWSDK/TWENET/current/lib/libTWENET_BLUE.a(ToCoNet_utils.o)
                0x00000000000838c7                ToCoNet_u16GetPanId
 .text.ToCoNet_u32GetSerial
                0x00000000000838d0        0x9 /Users/myu210/Desktop/MWSTAGE/MWSDK/TWENET/current/lib/libTWENET_BLUE.a(ToCoNet_utils.o)
                0x00000000000838d0                ToCoNet_u32GetSerial
 .text.ToCoNet_vSleep
                0x00000000000838d9      0x10d /Users/myu210/Desktop/MWSTAGE/MWSDK/TWENET/current/lib/libTWENET_BLUE.a(ToCoNet_utils.o)
                0x00000000000838d9                ToCoNet_vSleep
 .text.ToCoNet_u32GetRand
                0x00000000000839e6       0x62 /Users/myu210/Desktop/MWSTAGE/MWSDK/TWENET/current/lib/libTWENET_BLUE.a(ToCoNet_utils.o)
                0x00000000000839e6                ToCoNet_u32GetRand
 .text.vProcessEvCoreTx
                0x0000000000083a48       0x6a /Users/myu210/Desktop/MWSTAGE/MWSDK/TWENET/current/lib/libTWENET_BLUE.a(ToCoNet_mod_Tx.o)
 .text.vHnd_E_STATE_FINISH_TX_FAIL
                0x0000000000083ab2       0xb6 /Users/myu210/Desktop/MWSTAGE/MWSDK/TWENET/current/lib/libTWENET_BLUE.a(ToCoNet_mod_Tx.o)
 .text.vHnd_E_STATE_FINISH_TX_SUCCESS
                0x0000000000083b68       0x92 /Users/myu210/Desktop/MWSTAGE/MWSDK/TWENET/current/lib/libTWENET_BLUE.a(ToCoNet_mod_Tx.o)
 .text.vHnd_E_STATE_PREPARE_TX
                0x0000000000083bfa      0x131 /Users/myu210/Desktop/MWSTAGE/MWSDK/TWENET/current/lib/libTWENET_BLUE.a(ToCoNet_mod_Tx.o)
 .text.vHnd_E_STATE_IDLE
                0x0000000000083d2b       0x4f /Users/myu210/Desktop/MWSTAGE/MWSDK/TWENET/current/lib/libTWENET_BLUE.a(ToCoNet_mod_Tx.o)
 .text.vHnd_E_STATE_WAIT_TX
                0x0000000000083d7a       0x71 /Users/myu210/Desktop/MWSTAGE/MWSDK/TWENET/current/lib/libTWENET_BLUE.a(ToCoNet_mod_Tx.o)
 .text.vHnd_E_STATE_RUNNING
                0x0000000000083deb      0x201 /Users/myu210/Desktop/MWSTAGE/MWSDK/TWENET/current/lib/libTWENET_BLUE.a(ToCoNet_mod_Tx.o)
 .text.ToCoNet_vReg_mod_Tx_Standard
                0x0000000000083fec       0x1d /Users/myu210/Desktop/MWSTAGE/MWSDK/TWENET/current/lib/libTWENET_BLUE.a(ToCoNet_mod_Tx.o)
                0x0000000000083fec                ToCoNet_vReg_mod_Tx_Standard
 .text.ToCoNet_Tx_vProcessQueue
                0x0000000000084009       0x22 /Users/myu210/Desktop/MWSTAGE/MWSDK/TWENET/current/lib/libTWENET_BLUE.a(ToCoNet_mod_Tx.o)
                0x0000000000084009                ToCoNet_Tx_vProcessQueue
 .text.ToCoNet_vReg_mod_TxRxQueueSmall
                0x000000000008402b       0x81 /Users/myu210/Desktop/MWSTAGE/MWSDK/TWENET/current/lib/libTWENET_BLUE.a(ToCoNet_mod_TxRxQueue.o)
                0x000000000008402b                ToCoNet_vReg_mod_TxRxQueueSmall
 .text.ToCoNet_vRxProc_Mod
                0x00000000000840ac       0x41 /Users/myu210/Desktop/MWSTAGE/MWSDK/TWENET/current/lib/libTWENET_BLUE.a(ToCoNet_mod_Nwk_Common.o)
                0x00000000000840ac                ToCoNet_vRxProc_Mod
 .text.ToCoNet_vRxProc_App
                0x00000000000840ed       0x8c /Users/myu210/Desktop/MWSTAGE/MWSDK/TWENET/current/lib/libTWENET_BLUE.a(ToCoNet_mod_Nwk_Common.o)
                0x00000000000840ed                ToCoNet_vRxProc_App
 .text.ToCoNet_ChMgr_bCh_OnTx
                0x0000000000084179       0x69 /Users/myu210/Desktop/MWSTAGE/MWSDK/TWENET/current/lib/libTWENET_BLUE.a(ToCoNet_mod_Channel_Mgr.o)
                0x0000000000084179                ToCoNet_ChMgr_bCh_OnTx
 .text.ToCoNet_ChMgr_bCh_Reconfig
                0x00000000000841e2       0x69 /Users/myu210/Desktop/MWSTAGE/MWSDK/TWENET/current/lib/libTWENET_BLUE.a(ToCoNet_mod_Channel_Mgr.o)
                0x00000000000841e2                ToCoNet_ChMgr_bCh_Reconfig
 .text.ToCoNet_ChMgr_vCh_TxFin
                0x000000000008424b       0x2c /Users/myu210/Desktop/MWSTAGE/MWSDK/TWENET/current/lib/libTWENET_BLUE.a(ToCoNet_mod_Channel_Mgr.o)
                0x000000000008424b                ToCoNet_ChMgr_vCh_TxFin
 .text.pvFifoPull
                0x0000000000084277       0x27 /Users/myu210/Desktop/MWSTAGE/MWSDK/TWENET/current/lib/libTWENET_BLUE.a(AppQueueApi_ToCoNet.o)
 .text.psAppQApiGetMcpsBuffer
                0x000000000008429e        0x8 /Users/myu210/Desktop/MWSTAGE/MWSDK/TWENET/current/lib/libTWENET_BLUE.a(AppQueueApi_ToCoNet.o)
 .text.psAppQApiGetMlmeBuffer
                0x00000000000842a6        0x8 /Users/myu210/Desktop/MWSTAGE/MWSDK/TWENET/current/lib/libTWENET_BLUE.a(AppQueueApi_ToCoNet.o)
 .text.bFifoPush
                0x00000000000842ae       0x39 /Users/myu210/Desktop/MWSTAGE/MWSDK/TWENET/current/lib/libTWENET_BLUE.a(AppQueueApi_ToCoNet.o)
 .text.vAppQApiPostMcps
                0x00000000000842e7       0x1b /Users/myu210/Desktop/MWSTAGE/MWSDK/TWENET/current/lib/libTWENET_BLUE.a(AppQueueApi_ToCoNet.o)
 .text.vAppQApiPostMlme
                0x0000000000084302       0x1f /Users/myu210/Desktop/MWSTAGE/MWSDK/TWENET/current/lib/libTWENET_BLUE.a(AppQueueApi_ToCoNet.o)
 .text.vAppQApiPostHwIntT
                0x0000000000084321       0xbd /Users/myu210/Desktop/MWSTAGE/MWSDK/TWENET/current/lib/libTWENET_BLUE.a(AppQueueApi_ToCoNet.o)
 .text.u32AppQApiInitInt_PATCH
                0x00000000000843de        0xa /Users/myu210/Desktop/MWSTAGE/MWSDK/TWENET/current/lib/libTWENET_BLUE.a(AppQueueApi_ToCoNet.o)
                0x00000000000843de                u32AppQApiInitInt_PATCH
 .text.u32AppQApiInitNetwork
                0x00000000000843e8       0x1f /Users/myu210/Desktop/MWSTAGE/MWSDK/TWENET/current/lib/libTWENET_BLUE.a(AppQueueApi_ToCoNet.o)
                0x00000000000843e8                u32AppQApiInitNetwork
 .text.u32AppQApiInitT
                0x0000000000084407      0x1b8 /Users/myu210/Desktop/MWSTAGE/MWSDK/TWENET/current/lib/libTWENET_BLUE.a(AppQueueApi_ToCoNet.o)
                0x0000000000084407                u32AppQApiInitT
 .text.psAppQApiReadMlmeIndT
                0x00000000000845bf        0x9 /Users/myu210/Desktop/MWSTAGE/MWSDK/TWENET/current/lib/libTWENET_BLUE.a(AppQueueApi_ToCoNet.o)
                0x00000000000845bf                psAppQApiReadMlmeIndT
 .text.psAppQApiReadMcpsIndT
                0x00000000000845c8        0x9 /Users/myu210/Desktop/MWSTAGE/MWSDK/TWENET/current/lib/libTWENET_BLUE.a(AppQueueApi_ToCoNet.o)
                0x00000000000845c8                psAppQApiReadMcpsIndT
 .text.psAppQApiReadHwIndT
                0x00000000000845d1        0x9 /Users/myu210/Desktop/MWSTAGE/MWSDK/TWENET/current/lib/libTWENET_BLUE.a(AppQueueApi_ToCoNet.o)
                0x00000000000845d1                psAppQApiReadHwIndT
 .text.vAppQApiReturnMlmeIndBufferT
                0x00000000000845da        0xb /Users/myu210/Desktop/MWSTAGE/MWSDK/TWENET/current/lib/libTWENET_BLUE.a(AppQueueApi_ToCoNet.o)
                0x00000000000845da                vAppQApiReturnMlmeIndBufferT
 .text.vAppQApiReturnMcpsIndBufferT
                0x00000000000845e5        0xb /Users/myu210/Desktop/MWSTAGE/MWSDK/TWENET/current/lib/libTWENET_BLUE.a(AppQueueApi_ToCoNet.o)
                0x00000000000845e5                vAppQApiReturnMcpsIndBufferT
 .text.vAppQApiReturnHwIndBufferT
                0x00000000000845f0        0xb /Users/myu210/Desktop/MWSTAGE/MWSDK/TWENET/current/lib/libTWENET_BLUE.a(AppQueueApi_ToCoNet.o)
                0x00000000000845f0                vAppQApiReturnHwIndBufferT
 .text.AppColdStart
                0x00000000000845fb      0x4de /Users/myu210/Desktop/MWSTAGE/MWSDK/TWENET/current/lib/libTWENEText_BLUE.a(AppStart.o)
                0x00000000000845fb                AppColdStart
 .text._ToCoNet_vMacInit
                0x0000000000084ad9       0x26 /Users/myu210/Desktop/MWSTAGE/MWSDK/TWENET/current/lib/libTWENEText_BLUE.a(AppStart.o)
                0x0000000000084ad9                _ToCoNet_vMacInit
 .text.AppWarmStart
                0x0000000000084aff       0x93 /Users/myu210/Desktop/MWSTAGE/MWSDK/TWENET/current/lib/libTWENEText_BLUE.a(AppStart.o)
                0x0000000000084aff                AppWarmStart
 .text._ToCoNet_bRfChChannel
                0x0000000000084b92       0x99 /Users/myu210/Desktop/MWSTAGE/MWSDK/TWENET/current/lib/libTWENEText_BLUE.a(AppStart.o)
                0x0000000000084b92                _ToCoNet_bRfChChannel
 .text._ToCoNet_vRfConfig
                0x0000000000084c2b       0xc8 /Users/myu210/Desktop/MWSTAGE/MWSDK/TWENET/current/lib/libTWENEText_BLUE.a(AppStart.o)
                0x0000000000084c2b                _ToCoNet_vRfConfig
 .text.ToCoNet_u32GetSerialOnBoot
                0x0000000000084cf3       0x43 /Users/myu210/Desktop/MWSTAGE/MWSDK/TWENET/current/lib/libTWENEText_BLUE.a(getMacAddr.o)
                0x0000000000084cf3                ToCoNet_u32GetSerialOnBoot
 .text.Mac_vInit
                0x0000000000084d36       0x4c /Users/myu210/Desktop/MWSTAGE/MWSDK/TWENET/current/lib/libTWENEText_BLUE.a(mac.o)
                0x0000000000084d36                Mac_vInit
 .text.Mac_bRxQueueReg
                0x0000000000084d82       0x38 /Users/myu210/Desktop/MWSTAGE/MWSDK/TWENET/current/lib/libTWENEText_BLUE.a(mac.o)
                0x0000000000084d82                Mac_bRxQueueReg
 .text.bEncodeAES
                0x0000000000084dba       0xae /Users/myu210/Desktop/MWSTAGE/MWSDK/TWENET/current/lib/libTWENEText_BLUE.a(mac.o)
                0x0000000000084dba                bEncodeAES
 .text.Mac_bTransmit
                0x0000000000084e68      0x21c /Users/myu210/Desktop/MWSTAGE/MWSDK/TWENET/current/lib/libTWENEText_BLUE.a(mac.o)
                0x0000000000084e68                Mac_bTransmit
 .text.bDecodeAES
                0x0000000000085084       0xc9 /Users/myu210/Desktop/MWSTAGE/MWSDK/TWENET/current/lib/libTWENEText_BLUE.a(mac.o)
                0x0000000000085084                bDecodeAES
 .text.Mac_vHandleMcpsDataInd
                0x000000000008514d      0x2de /Users/myu210/Desktop/MWSTAGE/MWSDK/TWENET/current/lib/libTWENEText_BLUE.a(mac.o)
                0x000000000008514d                Mac_vHandleMcpsDataInd
 .text.Mac_vReset
                0x000000000008542b       0x1d /Users/myu210/Desktop/MWSTAGE/MWSDK/TWENET/current/lib/libTWENEText_BLUE.a(mac.o)
                0x000000000008542b                Mac_vReset
 .text.Mac_vSetRetry
                0x0000000000085448       0x18 /Users/myu210/Desktop/MWSTAGE/MWSDK/TWENET/current/lib/libTWENEText_BLUE.a(mac.o)
                0x0000000000085448                Mac_vSetRetry
 .text.Mac_vSetCCA
                0x0000000000085460       0x29 /Users/myu210/Desktop/MWSTAGE/MWSDK/TWENET/current/lib/libTWENEText_BLUE.a(mac.o)
                0x0000000000085460                Mac_vSetCCA
 .text.bAES_CCM_DecodeKey
                0x0000000000085489       0x8e /Users/myu210/Desktop/MWSTAGE/MWSDK/TWENET/current/lib/libTWENEText_BLUE.a(AES_CCM.o)
                0x0000000000085489                bAES_CCM_DecodeKey
 .text.bAES_CCM_EncodeKey
                0x0000000000085517       0x7f /Users/myu210/Desktop/MWSTAGE/MWSDK/TWENET/current/lib/libTWENEText_BLUE.a(AES_CCM.o)
                0x0000000000085517                bAES_CCM_EncodeKey
 .text.bAES_CCM_KeyReg
                0x0000000000085596       0x3f /Users/myu210/Desktop/MWSTAGE/MWSDK/TWENET/current/lib/libTWENEText_BLUE.a(AES_CCM.o)
                0x0000000000085596                bAES_CCM_KeyReg
 .text.bAES_CCM_Encode
                0x00000000000855d5       0x1e /Users/myu210/Desktop/MWSTAGE/MWSDK/TWENET/current/lib/libTWENEText_BLUE.a(AES_CCM.o)
                0x00000000000855d5                bAES_CCM_Encode
 .text.bAES_CCM_Decode
                0x00000000000855f3       0x1e /Users/myu210/Desktop/MWSTAGE/MWSDK/TWENET/current/lib/libTWENEText_BLUE.a(AES_CCM.o)
                0x00000000000855f3                bAES_CCM_Decode
 .text.vHandlerPatch
                0x0000000000085611       0x37 /Users/myu210/Desktop/MWSTAGE/MWSDK/TWENET/current/lib/libTWENEText_BLUE.a(no_ack_handler.o)
 .text.vInstallNoAckHandler
                0x0000000000085648       0x2a /Users/myu210/Desktop/MWSTAGE/MWSDK/TWENET/current/lib/libTWENEText_BLUE.a(no_ack_handler.o)
                0x0000000000085648                vInstallNoAckHandler
 .text.SERIAL_vTxReady
                0x0000000000085672       0x2d /Users/myu210/Desktop/MWSTAGE/MWSDK/TWENET/current/lib/libTWENETutils_BLUE.a(serial.o)
                0x0000000000085672                SERIAL_vTxReady
 .text.vRxChar  0x000000000008569f       0x35 /Users/myu210/Desktop/MWSTAGE/MWSDK/TWENET/current/lib/libTWENETutils_BLUE.a(serial.o)
 .text.SERIAL_vInitEx
                0x00000000000856d4       0x78 /Users/myu210/Desktop/MWSTAGE/MWSDK/TWENET/current/lib/libTWENETutils_BLUE.a(serial.o)
                0x00000000000856d4                SERIAL_vInitEx
 .text.SERIAL_bTxChar
                0x000000000008574c       0x7e /Users/myu210/Desktop/MWSTAGE/MWSDK/TWENET/current/lib/libTWENETutils_BLUE.a(serial.o)
                0x000000000008574c                SERIAL_bTxChar
 .text.SERIAL_i16RxChar
                0x00000000000857ca       0x43 /Users/myu210/Desktop/MWSTAGE/MWSDK/TWENET/current/lib/libTWENETutils_BLUE.a(serial.o)
                0x00000000000857ca                SERIAL_i16RxChar
 .text.SERIAL_bRxQueueEmpty
                0x000000000008580d        0xf /Users/myu210/Desktop/MWSTAGE/MWSDK/TWENET/current/lib/libTWENETutils_BLUE.a(serial.o)
                0x000000000008580d                SERIAL_bRxQueueEmpty
 .text.SERIAL_bTxQueueEmpty
                0x000000000008581c        0xf /Users/myu210/Desktop/MWSTAGE/MWSDK/TWENET/current/lib/libTWENETutils_BLUE.a(serial.o)
                0x000000000008581c                SERIAL_bTxQueueEmpty
 .text.SERIAL_vFlush
                0x000000000008582b       0x3f /Users/myu210/Desktop/MWSTAGE/MWSDK/TWENET/current/lib/libTWENETutils_BLUE.a(serial.o)
                0x000000000008582b                SERIAL_vFlush
 .text.UART_vHandleUartInterrupt
                0x000000000008586a       0x70 /Users/myu210/Desktop/MWSTAGE/MWSDK/TWENET/current/lib/libTWENETutils_BLUE.a(uart.o)
 .text.UART_vInit
                0x00000000000858da      0x1a9 /Users/myu210/Desktop/MWSTAGE/MWSDK/TWENET/current/lib/libTWENETutils_BLUE.a(uart.o)
                0x00000000000858da                UART_vInit
 .text.UART_vRtsStopFlow
                0x0000000000085a83       0x20 /Users/myu210/Desktop/MWSTAGE/MWSDK/TWENET/current/lib/libTWENETutils_BLUE.a(uart.o)
                0x0000000000085a83                UART_vRtsStopFlow
 .text.UART_vRtsStartFlow
                0x0000000000085aa3       0x20 /Users/myu210/Desktop/MWSTAGE/MWSDK/TWENET/current/lib/libTWENETutils_BLUE.a(uart.o)
                0x0000000000085aa3                UART_vRtsStartFlow
 .text.UART_vTxChar
                0x0000000000085ac3        0x4 /Users/myu210/Desktop/MWSTAGE/MWSDK/TWENET/current/lib/libTWENETutils_BLUE.a(uart.o)
                0x0000000000085ac3                UART_vTxChar
 .text.UART_bTxReady
                0x0000000000085ac7        0xc /Users/myu210/Desktop/MWSTAGE/MWSDK/TWENET/current/lib/libTWENETutils_BLUE.a(uart.o)
                0x0000000000085ac7                UART_bTxReady
 .text.UART_vSetTxInterrupt
                0x0000000000085ad3       0x18 /Users/myu210/Desktop/MWSTAGE/MWSDK/TWENET/current/lib/libTWENETutils_BLUE.a(uart.o)
                0x0000000000085ad3                UART_vSetTxInterrupt
 .text.QUEUE__vInit
                0x0000000000085aeb       0x12 /Users/myu210/Desktop/MWSTAGE/MWSDK/TWENET/current/lib/libTWENETutils_BLUE.a(ByteQueue.o)
                0x0000000000085aeb                QUEUE__vInit
 .text.QUEUE__vAddItem
                0x0000000000085afd       0x5f /Users/myu210/Desktop/MWSTAGE/MWSDK/TWENET/current/lib/libTWENETutils_BLUE.a(ByteQueue.o)
                0x0000000000085afd                QUEUE__vAddItem
 .text.QUEUE__u8RemoveItem
                0x0000000000085b5c       0x5c /Users/myu210/Desktop/MWSTAGE/MWSDK/TWENET/current/lib/libTWENETutils_BLUE.a(ByteQueue.o)
                0x0000000000085b5c                QUEUE__u8RemoveItem
 .text.QUEUE__bEmpty
                0x0000000000085bb8        0xb /Users/myu210/Desktop/MWSTAGE/MWSDK/TWENET/current/lib/libTWENETutils_BLUE.a(ByteQueue.o)
                0x0000000000085bb8                QUEUE__bEmpty
 .text.QUEUE__bFull
                0x0000000000085bc3       0x14 /Users/myu210/Desktop/MWSTAGE/MWSDK/TWENET/current/lib/libTWENETutils_BLUE.a(ByteQueue.o)
                0x0000000000085bc3                QUEUE(bool,  (long __restrict, long))
 .text.QUEUE__vFlush
                0x0000000000085bd7       0x1f /Users/myu210/Desktop/MWSTAGE/MWSDK/TWENET/current/lib/libTWENETutils_BLUE.a(ByteQueue.o)
                0x0000000000085bd7                QUEUE__vFlush
 .text.QUEUE__u16Count
                0x0000000000085bf6        0x6 /Users/myu210/Desktop/MWSTAGE/MWSDK/TWENET/current/lib/libTWENETutils_BLUE.a(ByteQueue.o)
                0x0000000000085bf6                QUEUE__u16Count
 .text.u8CCITT8
                0x0000000000085bfc       0x26 /Users/myu210/Desktop/MWSTAGE/MWSDK/TWENET/current/lib/libTWENETutils_BLUE.a(ccitt8.o)
                0x0000000000085bfc                u8CCITT8
 .text.s_div_by
                0x0000000000085c22       0x31 /Users/myu210/Desktop/MWSTAGE/MWSDK/TWENET/current/lib/libTWENETutils_BLUE.a(utils.o)
                0x0000000000085c22                s_div_by
 *fill*         0x0000000000085c53        0x1 00
 .text.vTimerConfig
                0x0000000000085c54      0x168 /Users/myu210/Desktop/MWSTAGE/MWSDK/TWENET/current/lib/libTWENETutils_BLUE.a(utils.o)
                0x0000000000085c54                vTimerConfig
 .text.vTimerStart
                0x0000000000085dbc       0x8c /Users/myu210/Desktop/MWSTAGE/MWSDK/TWENET/current/lib/libTWENETutils_BLUE.a(utils.o)
                0x0000000000085dbc                vTimerStart
 .text.vTimerStop
                0x0000000000085e48       0x2f /Users/myu210/Desktop/MWSTAGE/MWSDK/TWENET/current/lib/libTWENETutils_BLUE.a(utils.o)
                0x0000000000085e48                vTimerStop
 .text.vTimerDisable
                0x0000000000085e77       0x2a /Users/myu210/Desktop/MWSTAGE/MWSDK/TWENET/current/lib/libTWENETutils_BLUE.a(utils.o)
                0x0000000000085e77                vTimerDisable
 .text.vOutputStream
                0x0000000000085ea1        0xc /Users/myu210/Desktop/MWSTAGE/MWSDK/TWENET/current/lib/libTWENETstgs_BLUE.a(tweprintf.o)
 .text.TWE_fprintf
                0x0000000000085ead       0x31 /Users/myu210/Desktop/MWSTAGE/MWSDK/TWENET/current/lib/libTWENETstgs_BLUE.a(tweprintf.o)
                0x0000000000085ead                TWE_fprintf
 .text.TWE_vfprintf
                0x0000000000085ede       0x21 /Users/myu210/Desktop/MWSTAGE/MWSDK/TWENET/current/lib/libTWENETstgs_BLUE.a(tweprintf.o)
                0x0000000000085ede                TWE_vfprintf
 .text.TWETERM_vFlush
                0x0000000000085eff        0x6 /Users/myu210/Desktop/MWSTAGE/MWSDK/TWENET/current/lib/libTWENETstgs_BLUE.a(tweserial_jen.o)
 .text.TWETERM_iPutS
                0x0000000000085f05       0x31 /Users/myu210/Desktop/MWSTAGE/MWSDK/TWENET/current/lib/libTWENETstgs_BLUE.a(tweserial_jen.o)
 .text.TWETERM_iPutC
                0x0000000000085f36       0x11 /Users/myu210/Desktop/MWSTAGE/MWSDK/TWENET/current/lib/libTWENETstgs_BLUE.a(tweserial_jen.o)
 .text.TWETERM_iGetC
                0x0000000000085f47       0x1c /Users/myu210/Desktop/MWSTAGE/MWSDK/TWENET/current/lib/libTWENETstgs_BLUE.a(tweserial_jen.o)
 .text.TWETERM_vInitJen
                0x0000000000085f63       0x6e /Users/myu210/Desktop/MWSTAGE/MWSDK/TWENET/current/lib/libTWENETstgs_BLUE.a(tweserial_jen.o)
                0x0000000000085f63                TWETERM_vInitJen
 .text.TWESYSUTL_vWaitPoll
                0x0000000000085fd1       0x9f /Users/myu210/Desktop/MWSTAGE/MWSDK/TWENET/current/lib/libTWENETstgs_BLUE.a(twesysutils.o)
                0x0000000000085fd1                TWESYSUTL_vWaitPoll
 .text._out_null
                0x0000000000086070        0x3 /Users/myu210/Desktop/MWSTAGE/MWSDK/TWENET/current/lib/libTWENETstgs_BLUE.a(printf.o)
 .text._out_rev
                0x0000000000086073       0xbc /Users/myu210/Desktop/MWSTAGE/MWSDK/TWENET/current/lib/libTWENETstgs_BLUE.a(printf.o)
 .text._ntoa_format
                0x000000000008612f      0x1b2 /Users/myu210/Desktop/MWSTAGE/MWSDK/TWENET/current/lib/libTWENETstgs_BLUE.a(printf.o)
 .text._ntoa_long
                0x00000000000862e1       0xb6 /Users/myu210/Desktop/MWSTAGE/MWSDK/TWENET/current/lib/libTWENETstgs_BLUE.a(printf.o)
 .text._ntoa_long_long
                0x0000000000086397       0xcf /Users/myu210/Desktop/MWSTAGE/MWSDK/TWENET/current/lib/libTWENETstgs_BLUE.a(printf.o)
 .text._out_fct
                0x0000000000086466       0x15 /Users/myu210/Desktop/MWSTAGE/MWSDK/TWENET/current/lib/libTWENETstgs_BLUE.a(printf.o)
 .text._ftoa    0x000000000008647b      0x417 /Users/myu210/Desktop/MWSTAGE/MWSDK/TWENET/current/lib/libTWENETstgs_BLUE.a(printf.o)
 .text._etoa    0x0000000000086892      0x3e6 /Users/myu210/Desktop/MWSTAGE/MWSDK/TWENET/current/lib/libTWENETstgs_BLUE.a(printf.o)
 *fill*         0x0000000000086c78        0x0 00
 .text._vsnprintf
                0x0000000000086c78      0x98c /Users/myu210/Desktop/MWSTAGE/MWSDK/TWENET/current/lib/libTWENETstgs_BLUE.a(printf.o)
                0x0000000000086c78                _vsnprintf
 .text.fctprintf
                0x0000000000087604       0x2a /Users/myu210/Desktop/MWSTAGE/MWSDK/TWENET/current/lib/libTWENETstgs_BLUE.a(printf.o)
                0x0000000000087604                fctprintf
 .text.fctvprintf
                0x000000000008762e       0x1f /Users/myu210/Desktop/MWSTAGE/MWSDK/TWENET/current/lib/libTWENETstgs_BLUE.a(printf.o)
                0x000000000008762e                fctvprintf
 .text.pvAppApiDefGetMacHandle
                0x000000000008764d        0x9 /Users/myu210/Desktop/MWSTAGE/MWSDK/ChipLib/SW4063V1416/Components/Library/libAppApi_JN516x.a(AppApi.o)
                0x000000000008764d                pvAppApiDefGetMacHandle
 .text.vAppApiDefMlmeRequest
                0x0000000000087656       0x2f /Users/myu210/Desktop/MWSTAGE/MWSDK/ChipLib/SW4063V1416/Components/Library/libAppApi_JN516x.a(AppApi.o)
                0x0000000000087656                vAppApiDefMlmeRequest
 .text.vAppApiDefMcpsRequest
                0x0000000000087685       0x2f /Users/myu210/Desktop/MWSTAGE/MWSDK/ChipLib/SW4063V1416/Components/Library/libAppApi_JN516x.a(AppApi.o)
                0x0000000000087685                vAppApiDefMcpsRequest
 .text.eAppApiDefPlmeSet
                0x00000000000876b4       0x2d /Users/myu210/Desktop/MWSTAGE/MWSDK/ChipLib/SW4063V1416/Components/Library/libAppApi_JN516x.a(AppApi.o)
                0x00000000000876b4                eAppApiDefPlmeSet
 .text.eAppApiDefPlmeGet
                0x00000000000876e1       0x2d /Users/myu210/Desktop/MWSTAGE/MWSDK/ChipLib/SW4063V1416/Components/Library/libAppApi_JN516x.a(AppApi.o)
                0x00000000000876e1                eAppApiDefPlmeGet
 .text.vAppApiDefPowerUp
                0x000000000008770e       0x1d /Users/myu210/Desktop/MWSTAGE/MWSDK/ChipLib/SW4063V1416/Components/Library/libAppApi_JN516x.a(AppApi.o)
                0x000000000008770e                vAppApiDefPowerUp
 .text.vAppApiDefStartStack
                0x000000000008772b       0x51 /Users/myu210/Desktop/MWSTAGE/MWSDK/ChipLib/SW4063V1416/Components/Library/libAppApi_JN516x.a(AppApi.o)
                0x000000000008772b                vAppApiDefStartStack
 .text.vAppApiDefSetPrbsSeed
                0x000000000008777c       0x24 /Users/myu210/Desktop/MWSTAGE/MWSDK/ChipLib/SW4063V1416/Components/Library/libAppApi_JN516x.a(AppApi.o)
                0x000000000008777c                vAppApiDefSetPrbsSeed
 .text.vAppApiDefSetInterrupts
                0x00000000000877a0       0x34 /Users/myu210/Desktop/MWSTAGE/MWSDK/ChipLib/SW4063V1416/Components/Library/libAppApi_JN516x.a(AppApi.o)
                0x00000000000877a0                vAppApiDefSetInterrupts
 .text.u32AppApiDefInit
                0x00000000000877d4       0x5a /Users/myu210/Desktop/MWSTAGE/MWSDK/ChipLib/SW4063V1416/Components/Library/libAppApi_JN516x.a(AppApi.o)
                0x00000000000877d4                u32AppApiDefInit
 .text.pvAppApiDefGetMacAddrLocation
                0x000000000008782e        0x9 /Users/myu210/Desktop/MWSTAGE/MWSDK/ChipLib/SW4063V1416/Components/Library/libAppApi_JN516x.a(AppApi.o)
                0x000000000008782e                pvAppApiDefGetMacAddrLocation
 .text.vAppApiDefSaveMacSettings
                0x0000000000087837       0x5d /Users/myu210/Desktop/MWSTAGE/MWSDK/ChipLib/SW4063V1416/Components/Library/libAppApi_JN516x.a(AppApiSleep.o)
                0x0000000000087837                vAppApiDefSaveMacSettings
 .text.vMAC_RestoreSettings
                0x0000000000087894       0xbc /Users/myu210/Desktop/MWSTAGE/MWSDK/ChipLib/SW4063V1416/Components/Library/libAppApi_JN516x.a(AppApiSleep.o)
                0x0000000000087894                vMAC_RestoreSettings
 .text.vAppApiDefRestoreMacSettings
                0x0000000000087950       0x1c /Users/myu210/Desktop/MWSTAGE/MWSDK/ChipLib/SW4063V1416/Components/Library/libAppApi_JN516x.a(AppApiSleep.o)
                0x0000000000087950                vAppApiDefRestoreMacSettings
 .text.vSetTimer0
                0x000000000008796c        0xf /Users/myu210/Desktop/MWSTAGE/MWSDK/ChipLib/SW4063V1416/Components/Library/libMAC_JN516x.a(mac_main.o)
                0x000000000008796c                vSetTimer0
 .text.u32GetTimer0
                0x000000000008797b        0x7 /Users/myu210/Desktop/MWSTAGE/MWSDK/ChipLib/SW4063V1416/Components/Library/libMAC_JN516x.a(mac_main.o)
                0x000000000008797b                u32GetTimer0
 .text.mac_vInitTimer0
                0x0000000000087982       0x1d /Users/myu210/Desktop/MWSTAGE/MWSDK/ChipLib/SW4063V1416/Components/Library/libMAC_JN516x.a(mac_main.o)
                0x0000000000087982                mac_vInitTimer0
 .text.MAC_pvCtor
                0x000000000008799f       0x6d /Users/myu210/Desktop/MWSTAGE/MWSDK/ChipLib/SW4063V1416/Components/Library/libMAC_JN516x.a(mac_main.o)
                0x000000000008799f                MAC_pvCtor
 .text.MAC_vXcvBbcEvtHandler
                0x0000000000087a0c       0x16 /Users/myu210/Desktop/MWSTAGE/MWSDK/ChipLib/SW4063V1416/Components/Library/libMAC_JN516x.a(mac_main.o)
                0x0000000000087a0c                MAC_vXcvBbcEvtHandler
 .text.MAC_vXcvPhyEvtHandler
                0x0000000000087a22        0xd /Users/myu210/Desktop/MWSTAGE/MWSDK/ChipLib/SW4063V1416/Components/Library/libMAC_JN516x.a(mac_main.o)
                0x0000000000087a22                MAC_vXcvPhyEvtHandler
 .text.MAC_vHandleMcpsReqRsp
                0x0000000000087a2f       0x28 /Users/myu210/Desktop/MWSTAGE/MWSDK/ChipLib/SW4063V1416/Components/Library/libMAC_JN516x.a(mac_mcps.o)
                0x0000000000087a2f                MAC_vHandleMcpsReqRsp
 .text.vHandleTofRequest
                0x0000000000087a57       0x12 /Users/myu210/Desktop/MWSTAGE/MWSDK/ChipLib/SW4063V1416/Components/Library/libMAC_JN516x.a(mac_mlme.o)
 *fill*         0x0000000000087a69        0x3 00
 .text.MAC_vHandleMlmeReqRsp
                0x0000000000087a6c       0x8c /Users/myu210/Desktop/MWSTAGE/MWSDK/ChipLib/SW4063V1416/Components/Library/libMAC_JN516x.a(mac_mlme.o)
                0x0000000000087a6c                MAC_vHandleMlmeReqRsp
 .text.MAC_psPibGetHandle
                0x0000000000087af8        0x7 /Users/myu210/Desktop/MWSTAGE/MWSDK/ChipLib/SW4063V1416/Components/Library/libMAC_JN516x.a(mac_pib.o)
                0x0000000000087af8                MAC_psPibGetHandle
 .text.MAC_vPibSetShortAddr
                0x0000000000087aff        0xe /Users/myu210/Desktop/MWSTAGE/MWSDK/ChipLib/SW4063V1416/Components/Library/libMAC_JN516x.a(mac_pib.o)
                0x0000000000087aff                MAC_vPibSetShortAddr
 .text.MAC_vPibSetPanId
                0x0000000000087b0d       0x1b /Users/myu210/Desktop/MWSTAGE/MWSDK/ChipLib/SW4063V1416/Components/Library/libMAC_JN516x.a(mac_pib.o)
                0x0000000000087b0d                MAC_vPibSetPanId
 .text.MAC_vPibSetMinBe
                0x0000000000087b28       0x1e /Users/myu210/Desktop/MWSTAGE/MWSDK/ChipLib/SW4063V1416/Components/Library/libMAC_JN516x.a(mac_pib.o)
                0x0000000000087b28                MAC_vPibSetMinBe
 .text.MAC_vPibSetMaxCsmaBackoffs
                0x0000000000087b46       0x21 /Users/myu210/Desktop/MWSTAGE/MWSDK/ChipLib/SW4063V1416/Components/Library/libMAC_JN516x.a(mac_pib.o)
                0x0000000000087b46                MAC_vPibSetMaxCsmaBackoffs
 .text.MAC_vPibSetRxOnWhenIdle
                0x0000000000087b67       0x10 /Users/myu210/Desktop/MWSTAGE/MWSDK/ChipLib/SW4063V1416/Components/Library/libMAC_JN516x.a(mac_pib.o)
                0x0000000000087b67                MAC_vPibSetRxOnWhenIdle
 .text.MAC_vPibSetPromiscuousMode
                0x0000000000087b77       0x3e /Users/myu210/Desktop/MWSTAGE/MWSDK/ChipLib/SW4063V1416/Components/Library/libMAC_JN516x.a(mac_pib.o)
                0x0000000000087b77                MAC_vPibSetPromiscuousMode
 .text.MAC_vSetExtAddr
                0x0000000000087bb5       0x1f /Users/myu210/Desktop/MWSTAGE/MWSDK/ChipLib/SW4063V1416/Components/Library/libMAC_JN516x.a(mac_pib.o)
                0x0000000000087bb5                MAC_vSetExtAddr
 .text.mac_vPibSetDefaults
                0x0000000000087bd4      0x11b /Users/myu210/Desktop/MWSTAGE/MWSDK/ChipLib/SW4063V1416/Components/Library/libMAC_JN516x.a(mac_pib_mlme.o)
                0x0000000000087bd4                mac_vPibSetDefaults
 .text.mac_vPibReset
                0x0000000000087cef       0x91 /Users/myu210/Desktop/MWSTAGE/MWSDK/ChipLib/SW4063V1416/Components/Library/libMAC_JN516x.a(mac_pib_mlme.o)
                0x0000000000087cef                mac_vPibReset
 .text.mac_vPibCmpCoordExtAddr
                0x0000000000087d80       0x24 /Users/myu210/Desktop/MWSTAGE/MWSDK/ChipLib/SW4063V1416/Components/Library/libMAC_JN516x.a(mac_pib_mlme.o)
                0x0000000000087d80                mac_vPibCmpCoordExtAddr
 .text.bPMICdisassocReqSent
                0x0000000000087da4       0x78 /Users/myu210/Desktop/MWSTAGE/MWSDK/ChipLib/SW4063V1416/Components/Library/libMAC_JN516x.a(mac_pmic.o)
 .text.bAssocRespSent
                0x0000000000087e1c       0x14 /Users/myu210/Desktop/MWSTAGE/MWSDK/ChipLib/SW4063V1416/Components/Library/libMAC_JN516x.a(mac_pmic.o)
 .text.vPMICreset
                0x0000000000087e30        0xd /Users/myu210/Desktop/MWSTAGE/MWSDK/ChipLib/SW4063V1416/Components/Library/libMAC_JN516x.a(mac_pmic.o)
                0x0000000000087e30                vPMICreset
 .text.vPMICassociateRequest
                0x0000000000087e3d       0xcf /Users/myu210/Desktop/MWSTAGE/MWSDK/ChipLib/SW4063V1416/Components/Library/libMAC_JN516x.a(mac_pmic.o)
                0x0000000000087e3d                vPMICassociateRequest
 .text.vPMICassociateResponse
                0x0000000000087f0c       0xcb /Users/myu210/Desktop/MWSTAGE/MWSDK/ChipLib/SW4063V1416/Components/Library/libMAC_JN516x.a(mac_pmic.o)
                0x0000000000087f0c                vPMICassociateResponse
 .text.vPMICdisassociateRequest
                0x0000000000087fd7       0xd1 /Users/myu210/Desktop/MWSTAGE/MWSDK/ChipLib/SW4063V1416/Components/Library/libMAC_JN516x.a(mac_pmic.o)
                0x0000000000087fd7                vPMICdisassociateRequest
 .text.vPMICassocRespFrameReceived
                0x00000000000880a8       0x7d /Users/myu210/Desktop/MWSTAGE/MWSDK/ChipLib/SW4063V1416/Components/Library/libMAC_JN516x.a(mac_pmic.o)
                0x00000000000880a8                vPMICassocRespFrameReceived
 .text.vPMICdisassocReceived
                0x0000000000088125       0x84 /Users/myu210/Desktop/MWSTAGE/MWSDK/ChipLib/SW4063V1416/Components/Library/libMAC_JN516x.a(mac_pmic.o)
                0x0000000000088125                vPMICdisassocReceived
 .text.vPMICassocReqFrameReceived
                0x00000000000881a9       0x6a /Users/myu210/Desktop/MWSTAGE/MWSDK/ChipLib/SW4063V1416/Components/Library/libMAC_JN516x.a(mac_pmic.o)
                0x00000000000881a9                vPMICassocReqFrameReceived
 .text.vPMICpostFailedAssocDcfm
                0x0000000000088213       0x36 /Users/myu210/Desktop/MWSTAGE/MWSDK/ChipLib/SW4063V1416/Components/Library/libMAC_JN516x.a(mac_pmic.o)
                0x0000000000088213                vPMICpostFailedAssocDcfm
 .text.bPMICassocReqSent
                0x0000000000088249       0x7e /Users/myu210/Desktop/MWSTAGE/MWSDK/ChipLib/SW4063V1416/Components/Library/libMAC_JN516x.a(mac_pmic.o)
 .text.vPMICassocReqTO_1
                0x00000000000882c7       0x7e /Users/myu210/Desktop/MWSTAGE/MWSDK/ChipLib/SW4063V1416/Components/Library/libMAC_JN516x.a(mac_pmic.o)
 .text.bPMICassocReqPollSent
                0x0000000000088345       0x4f /Users/myu210/Desktop/MWSTAGE/MWSDK/ChipLib/SW4063V1416/Components/Library/libMAC_JN516x.a(mac_pmic.o)
 .text.vPMICassocReqTO_2
                0x0000000000088394       0x19 /Users/myu210/Desktop/MWSTAGE/MWSDK/ChipLib/SW4063V1416/Components/Library/libMAC_JN516x.a(mac_pmic.o)
 .text.MAC_vRegisterMlmeDcfmIndCallbacks
                0x00000000000883ad        0x6 /Users/myu210/Desktop/MWSTAGE/MWSDK/ChipLib/SW4063V1416/Components/Library/libMAC_JN516x.a(mac_ind.o)
                0x00000000000883ad                MAC_vRegisterMlmeDcfmIndCallbacks
 .text.MAC_vRegisterMcpsDcfmIndCallbacks
                0x00000000000883b3        0x6 /Users/myu210/Desktop/MWSTAGE/MWSDK/ChipLib/SW4063V1416/Components/Library/libMAC_JN516x.a(mac_ind.o)
                0x00000000000883b3                MAC_vRegisterMcpsDcfmIndCallbacks
 .text.mac_psDcfmIndGetBuf
                0x00000000000883b9       0x21 /Users/myu210/Desktop/MWSTAGE/MWSDK/ChipLib/SW4063V1416/Components/Library/libMAC_JN516x.a(mac_ind.o)
                0x00000000000883b9                mac_psDcfmIndGetBuf
 .text.mac_eDcfmIndPost
                0x00000000000883da       0x21 /Users/myu210/Desktop/MWSTAGE/MWSDK/ChipLib/SW4063V1416/Components/Library/libMAC_JN516x.a(mac_ind.o)
                0x00000000000883da                mac_eDcfmIndPost
 .text.eGenlIllegal
                0x00000000000883fb        0x7 /Users/myu210/Desktop/MWSTAGE/MWSDK/ChipLib/SW4063V1416/Components/Library/libMAC_JN516x.a(mac_scan.o)
 .text.eGenlDontCare
                0x0000000000088402        0x5 /Users/myu210/Desktop/MWSTAGE/MWSDK/ChipLib/SW4063V1416/Components/Library/libMAC_JN516x.a(mac_scan.o)
 .text.eWEnDEdDone
                0x0000000000088407       0x5b /Users/myu210/Desktop/MWSTAGE/MWSDK/ChipLib/SW4063V1416/Components/Library/libMAC_JN516x.a(mac_scan.o)
 .text.eWEnDTmrExpiry
                0x0000000000088462        0xb /Users/myu210/Desktop/MWSTAGE/MWSDK/ChipLib/SW4063V1416/Components/Library/libMAC_JN516x.a(mac_scan.o)
 .text.vPostDcfm
                0x000000000008846d       0xd4 /Users/myu210/Desktop/MWSTAGE/MWSDK/ChipLib/SW4063V1416/Components/Library/libMAC_JN516x.a(mac_scan.o)
 .text.eWCoRRxDone
                0x0000000000088541       0x97 /Users/myu210/Desktop/MWSTAGE/MWSDK/ChipLib/SW4063V1416/Components/Library/libMAC_JN516x.a(mac_scan.o)
 .text.eGenRxHdrDone
                0x00000000000885d8       0x10 /Users/myu210/Desktop/MWSTAGE/MWSDK/ChipLib/SW4063V1416/Components/Library/libMAC_JN516x.a(mac_scan.o)
 .text.eWONTTxDone
                0x00000000000885e8       0x2e /Users/myu210/Desktop/MWSTAGE/MWSDK/ChipLib/SW4063V1416/Components/Library/libMAC_JN516x.a(mac_scan.o)
 .text.eWBRTTxDone
                0x0000000000088616       0x1e /Users/myu210/Desktop/MWSTAGE/MWSDK/ChipLib/SW4063V1416/Components/Library/libMAC_JN516x.a(mac_scan.o)
 .text.eWBcnRxDone
                0x0000000000088634      0x194 /Users/myu210/Desktop/MWSTAGE/MWSDK/ChipLib/SW4063V1416/Components/Library/libMAC_JN516x.a(mac_scan.o)
 .text.eWChCChanChgd
                0x00000000000887c8      0x197 /Users/myu210/Desktop/MWSTAGE/MWSDK/ChipLib/SW4063V1416/Components/Library/libMAC_JN516x.a(mac_scan.o)
 .text.eScanHandleEvt
                0x000000000008895f       0x32 /Users/myu210/Desktop/MWSTAGE/MWSDK/ChipLib/SW4063V1416/Components/Library/libMAC_JN516x.a(mac_scan.o)
                0x000000000008895f                eScanHandleEvt
 .text.vScanHandleTimer
                0x0000000000088991        0x4 /Users/myu210/Desktop/MWSTAGE/MWSDK/ChipLib/SW4063V1416/Components/Library/libMAC_JN516x.a(mac_scan.o)
 .text.mac_eScanInit
                0x0000000000088995       0x16 /Users/myu210/Desktop/MWSTAGE/MWSDK/ChipLib/SW4063V1416/Components/Library/libMAC_JN516x.a(mac_scan.o)
                0x0000000000088995                mac_eScanInit
 .text.mac_eScanHandleXcvBbcEvt
                0x00000000000889ab        0xb /Users/myu210/Desktop/MWSTAGE/MWSDK/ChipLib/SW4063V1416/Components/Library/libMAC_JN516x.a(mac_scan.o)
                0x00000000000889ab                mac_eScanHandleXcvBbcEvt
 .text.mac_eScanHandleXcvPhyEvt
                0x00000000000889b6        0xb /Users/myu210/Desktop/MWSTAGE/MWSDK/ChipLib/SW4063V1416/Components/Library/libMAC_JN516x.a(mac_scan.o)
                0x00000000000889b6                mac_eScanHandleXcvPhyEvt
 .text.vSetNextChannel
                0x00000000000889c1       0x58 /Users/myu210/Desktop/MWSTAGE/MWSDK/ChipLib/SW4063V1416/Components/Library/libMAC_JN516x.a(mac_scan.o)
 .text.mac_vScanHandleMlmeReq
                0x0000000000088a19       0xaa /Users/myu210/Desktop/MWSTAGE/MWSDK/ChipLib/SW4063V1416/Components/Library/libMAC_JN516x.a(mac_scan.o)
                0x0000000000088a19                mac_vScanHandleMlmeReq
 .text.eGenTmrExpiry
                0x0000000000088ac3       0x42 /Users/myu210/Desktop/MWSTAGE/MWSDK/ChipLib/SW4063V1416/Components/Library/libMAC_JN516x.a(mac_scan.o)
 .text.eWEDTEdDone
                0x0000000000088b05       0x24 /Users/myu210/Desktop/MWSTAGE/MWSDK/ChipLib/SW4063V1416/Components/Library/libMAC_JN516x.a(mac_scan.o)
 .text.mac_u32LPBGetBeaconTimeout
                0x0000000000088b29        0x9 /Users/myu210/Desktop/MWSTAGE/MWSDK/ChipLib/SW4063V1416/Components/Library/libMAC_JN516x.a(mac_lp.o)
                0x0000000000088b29                mac_u32LPBGetBeaconTimeout
 .text.mac_vLPBStopTimer
                0x0000000000088b32        0xb /Users/myu210/Desktop/MWSTAGE/MWSDK/ChipLib/SW4063V1416/Components/Library/libMAC_JN516x.a(mac_lp.o)
                0x0000000000088b32                mac_vLPBStopTimer
 .text.mac_vLPBAdjustBeaconOffset
                0x0000000000088b3d       0x5d /Users/myu210/Desktop/MWSTAGE/MWSDK/ChipLib/SW4063V1416/Components/Library/libMAC_JN516x.a(mac_lp.o)
                0x0000000000088b3d                mac_vLPBAdjustBeaconOffset
 .text.mac_vLPBSleep
                0x0000000000088b9a       0x4c /Users/myu210/Desktop/MWSTAGE/MWSDK/ChipLib/SW4063V1416/Components/Library/libMAC_JN516x.a(mac_lp.o)
                0x0000000000088b9a                mac_vLPBSleep
 .text.MAC_u32ConvertFrom16uS
                0x0000000000088be6       0x3a /Users/myu210/Desktop/MWSTAGE/MWSDK/ChipLib/SW4063V1416/Components/Library/libMAC_JN516x.a(mac_lp.o)
                0x0000000000088be6                MAC_u32ConvertFrom16uS
 .text.mac_vLPBStartTimer
                0x0000000000088c20       0x7f /Users/myu210/Desktop/MWSTAGE/MWSDK/ChipLib/SW4063V1416/Components/Library/libMAC_JN516x.a(mac_lp.o)
                0x0000000000088c20                mac_vLPBStartTimer
 .text.bSearchQueue
                0x0000000000088c9f       0x2f /Users/myu210/Desktop/MWSTAGE/MWSDK/ChipLib/SW4063V1416/Components/Library/libMAC_JN516x.a(MCPS.o)
 .text.bMCPSframeTXcomplete
                0x0000000000088cce       0x53 /Users/myu210/Desktop/MWSTAGE/MWSDK/ChipLib/SW4063V1416/Components/Library/libMAC_JN516x.a(MCPS.o)
 .text.vTAM_MCPSdataRequest
                0x0000000000088d21       0x43 /Users/myu210/Desktop/MWSTAGE/MWSDK/ChipLib/SW4063V1416/Components/Library/libMAC_JN516x.a(MCPS.o)
                0x0000000000088d21                vTAM_MCPSdataRequest
 .text.vTAM_MCPSpurgeRequest
                0x0000000000088d64       0x5d /Users/myu210/Desktop/MWSTAGE/MWSDK/ChipLib/SW4063V1416/Components/Library/libMAC_JN516x.a(MCPS.o)
                0x0000000000088d64                vTAM_MCPSpurgeRequest
 .text.vMCPSframeReceived
                0x0000000000088dc1       0x4e /Users/myu210/Desktop/MWSTAGE/MWSDK/ChipLib/SW4063V1416/Components/Library/libMAC_JN516x.a(MCPS.o)
                0x0000000000088dc1                vMCPSframeReceived
 .text.phy_ePibSet.part.1
                0x0000000000088e0f       0x66 /Users/myu210/Desktop/MWSTAGE/MWSDK/ChipLib/SW4063V1416/Components/Library/libMAC_JN516x.a(phy_pib.o)
 .text.phy_ePibGet
                0x0000000000088e75       0x33 /Users/myu210/Desktop/MWSTAGE/MWSDK/ChipLib/SW4063V1416/Components/Library/libMAC_JN516x.a(phy_pib.o)
                0x0000000000088e75                phy_ePibGet
 .text.vPhySetChannel
                0x0000000000088ea8       0x97 /Users/myu210/Desktop/MWSTAGE/MWSDK/ChipLib/SW4063V1416/Components/Library/libMAC_JN516x.a(phy_pib.o)
                0x0000000000088ea8                vPhySetChannel
 .text.phy_ePibSet
                0x0000000000088f3f       0x3d /Users/myu210/Desktop/MWSTAGE/MWSDK/ChipLib/SW4063V1416/Components/Library/libMAC_JN516x.a(phy_pib.o)
                0x0000000000088f3f                phy_ePibSet
 .text.phy_vPibSetDefaults
                0x0000000000088f7c       0x1e /Users/myu210/Desktop/MWSTAGE/MWSDK/ChipLib/SW4063V1416/Components/Library/libMAC_JN516x.a(phy_pib.o)
                0x0000000000088f7c                phy_vPibSetDefaults
 .text.bTAMinPAN
                0x0000000000088f9a       0x14 /Users/myu210/Desktop/MWSTAGE/MWSDK/ChipLib/SW4063V1416/Components/Library/libMAC_JN516x.a(TAM.o)
                0x0000000000088f9a                bTAMinPAN
 .text.vTAM_MLMEstartRequest
                0x0000000000088fae       0x7d /Users/myu210/Desktop/MWSTAGE/MWSDK/ChipLib/SW4063V1416/Components/Library/libMAC_JN516x.a(TAM.o)
                0x0000000000088fae                vTAM_MLMEstartRequest
 .text.vTAM_MLMEsyncRequest
                0x000000000008902b       0x18 /Users/myu210/Desktop/MWSTAGE/MWSDK/ChipLib/SW4063V1416/Components/Library/libMAC_JN516x.a(TAM.o)
                0x000000000008902b                vTAM_MLMEsyncRequest
 *fill*         0x0000000000089043        0x1 00
 .text.eTAMselect
                0x0000000000089044      0x134 /Users/myu210/Desktop/MWSTAGE/MWSDK/ChipLib/SW4063V1416/Components/Library/libMAC_JN516x.a(TAM.o)
                0x0000000000089044                eTAMselect
 .text.vTAMreset
                0x0000000000089178      0x1b7 /Users/myu210/Desktop/MWSTAGE/MWSDK/ChipLib/SW4063V1416/Components/Library/libMAC_JN516x.a(TAM.o)
                0x0000000000089178                vTAMreset
 .text.eTAMevent
                0x000000000008932f       0x17 /Users/myu210/Desktop/MWSTAGE/MWSDK/ChipLib/SW4063V1416/Components/Library/libMAC_JN516x.a(TAM.o)
                0x000000000008932f                eTAMevent
 .text.vTrySendFromDirectCAP
                0x0000000000089346       0x1f /Users/myu210/Desktop/MWSTAGE/MWSDK/ChipLib/SW4063V1416/Components/Library/libMAC_JN516x.a(TAMCO.o)
 .text.vTrySendFromDirectNoBeacon
                0x0000000000089365       0x2f /Users/myu210/Desktop/MWSTAGE/MWSDK/ChipLib/SW4063V1416/Components/Library/libMAC_JN516x.a(TAMCO.o)
 .text.vTAMCOint1Fired
                0x0000000000089394       0xd1 /Users/myu210/Desktop/MWSTAGE/MWSDK/ChipLib/SW4063V1416/Components/Library/libMAC_JN516x.a(TAMCO.o)
                0x0000000000089394                vTAMCOint1Fired
 .text.vTAMCOframeTXbeacon
                0x0000000000089465       0xb0 /Users/myu210/Desktop/MWSTAGE/MWSDK/ChipLib/SW4063V1416/Components/Library/libMAC_JN516x.a(TAMCO.o)
                0x0000000000089465                vTAMCOframeTXbeacon
 .text.vTAMCOint2Fired
                0x0000000000089515       0x21 /Users/myu210/Desktop/MWSTAGE/MWSDK/ChipLib/SW4063V1416/Components/Library/libMAC_JN516x.a(TAMCO.o)
                0x0000000000089515                vTAMCOint2Fired
 .text.vTAMCOframeTXgoingIdle
                0x0000000000089536       0x19 /Users/myu210/Desktop/MWSTAGE/MWSDK/ChipLib/SW4063V1416/Components/Library/libMAC_JN516x.a(TAMCO.o)
                0x0000000000089536                vTAMCOframeTXgoingIdle
 .text.vTAMCOint1FiredCAP
                0x000000000008954f       0x78 /Users/myu210/Desktop/MWSTAGE/MWSDK/ChipLib/SW4063V1416/Components/Library/libMAC_JN516x.a(TAMCO.o)
                0x000000000008954f                vTAMCOint1FiredCAP
 .text.vTAMCOframeTXcap
                0x00000000000895c7       0x24 /Users/myu210/Desktop/MWSTAGE/MWSDK/ChipLib/SW4063V1416/Components/Library/libMAC_JN516x.a(TAMCO.o)
                0x00000000000895c7                vTAMCOframeTXcap
 .text.vTAMCOframeRXcap
                0x00000000000895eb       0x12 /Users/myu210/Desktop/MWSTAGE/MWSDK/ChipLib/SW4063V1416/Components/Library/libMAC_JN516x.a(TAMCO.o)
                0x00000000000895eb                vTAMCOframeRXcap
 .text.vTAMCOframeRXgoingIdle
                0x00000000000895fd       0x16 /Users/myu210/Desktop/MWSTAGE/MWSDK/ChipLib/SW4063V1416/Components/Library/libMAC_JN516x.a(TAMCO.o)
                0x00000000000895fd                vTAMCOframeRXgoingIdle
 .text.vTAMCOframeTXnobeacon
                0x0000000000089613       0x15 /Users/myu210/Desktop/MWSTAGE/MWSDK/ChipLib/SW4063V1416/Components/Library/libMAC_JN516x.a(TAMCO.o)
                0x0000000000089613                vTAMCOframeTXnobeacon
 .text.vTAMCOframeRXnobeacon
                0x0000000000089628       0x12 /Users/myu210/Desktop/MWSTAGE/MWSDK/ChipLib/SW4063V1416/Components/Library/libMAC_JN516x.a(TAMCO.o)
                0x0000000000089628                vTAMCOframeRXnobeacon
 .text.vTAMCOreqTXnoBeacon
                0x000000000008963a       0x12 /Users/myu210/Desktop/MWSTAGE/MWSDK/ChipLib/SW4063V1416/Components/Library/libMAC_JN516x.a(TAMCO.o)
                0x000000000008963a                vTAMCOreqTXnoBeacon
 .text.vTAMCOreqTXinCAP
                0x000000000008964c       0x29 /Users/myu210/Desktop/MWSTAGE/MWSDK/ChipLib/SW4063V1416/Components/Library/libMAC_JN516x.a(TAMCO.o)
                0x000000000008964c                vTAMCOreqTXinCAP
 .text.vTAMCOsetCoordinator
                0x0000000000089675       0x29 /Users/myu210/Desktop/MWSTAGE/MWSDK/ChipLib/SW4063V1416/Components/Library/libMAC_JN516x.a(TAMCO.o)
                0x0000000000089675                vTAMCOsetCoordinator
 .text.vTAMCOstartBeacon
                0x000000000008969e       0x3c /Users/myu210/Desktop/MWSTAGE/MWSDK/ChipLib/SW4063V1416/Components/Library/libMAC_JN516x.a(TAMCO.o)
                0x000000000008969e                vTAMCOstartBeacon
 .text.vStartStoreValues
                0x00000000000896da       0xc1 /Users/myu210/Desktop/MWSTAGE/MWSDK/ChipLib/SW4063V1416/Components/Library/libMAC_JN516x.a(TAMCO.o)
 .text.vTAMCO_MLMEstartRequest
                0x000000000008979b      0x103 /Users/myu210/Desktop/MWSTAGE/MWSDK/ChipLib/SW4063V1416/Components/Library/libMAC_JN516x.a(TAMCO.o)
                0x000000000008979b                vTAMCO_MLMEstartRequest
 .text.bStartCallback
                0x000000000008989e       0x29 /Users/myu210/Desktop/MWSTAGE/MWSDK/ChipLib/SW4063V1416/Components/Library/libMAC_JN516x.a(TAMCO.o)
 .text.vTAMCOframeStarting
                0x00000000000898c7       0x19 /Users/myu210/Desktop/MWSTAGE/MWSDK/ChipLib/SW4063V1416/Components/Library/libMAC_JN516x.a(TAMCO.o)
                0x00000000000898c7                vTAMCOframeStarting
 .text.vTAMCOupdatePendingList
                0x00000000000898e0       0xc5 /Users/myu210/Desktop/MWSTAGE/MWSDK/ChipLib/SW4063V1416/Components/Library/libMAC_JN516x.a(TAMCO.o)
                0x00000000000898e0                vTAMCOupdatePendingList
 .text.vSetPHYfromMacValue
                0x00000000000899a5       0x3f /Users/myu210/Desktop/MWSTAGE/MWSDK/ChipLib/SW4063V1416/Components/Library/libMAC_JN516x.a(TAMDE.o)
 .text.vTrySendUnslotted
                0x00000000000899e4       0x1c /Users/myu210/Desktop/MWSTAGE/MWSDK/ChipLib/SW4063V1416/Components/Library/libMAC_JN516x.a(TAMDE.o)
 .text.bSendDataRequest
                0x0000000000089a00      0x108 /Users/myu210/Desktop/MWSTAGE/MWSDK/ChipLib/SW4063V1416/Components/Library/libMAC_JN516x.a(TAMDE.o)
 .text.bProcessBeaconRX
                0x0000000000089b08       0xde /Users/myu210/Desktop/MWSTAGE/MWSDK/ChipLib/SW4063V1416/Components/Library/libMAC_JN516x.a(TAMDE.o)
 .text.vTAMDEint1FiredTracking
                0x0000000000089be6       0x5e /Users/myu210/Desktop/MWSTAGE/MWSDK/ChipLib/SW4063V1416/Components/Library/libMAC_JN516x.a(TAMDE.o)
                0x0000000000089be6                vTAMDEint1FiredTracking
 .text.vTAMDEdetermineNullState
                0x0000000000089c44       0x1d /Users/myu210/Desktop/MWSTAGE/MWSDK/ChipLib/SW4063V1416/Components/Library/libMAC_JN516x.a(TAMDE.o)
                0x0000000000089c44                vTAMDEdetermineNullState
 .text.vTAMDEint1FiredWaitDR
                0x0000000000089c61        0xe /Users/myu210/Desktop/MWSTAGE/MWSDK/ChipLib/SW4063V1416/Components/Library/libMAC_JN516x.a(TAMDE.o)
                0x0000000000089c61                vTAMDEint1FiredWaitDR
 .text.vTAMDEint1FiredTrackingCAPgts
                0x0000000000089c6f       0xb0 /Users/myu210/Desktop/MWSTAGE/MWSDK/ChipLib/SW4063V1416/Components/Library/libMAC_JN516x.a(TAMDE.o)
                0x0000000000089c6f                vTAMDEint1FiredTrackingCAPgts
 .text.vTAMDEint1FiredSyncReq
                0x0000000000089d1f       0x63 /Users/myu210/Desktop/MWSTAGE/MWSDK/ChipLib/SW4063V1416/Components/Library/libMAC_JN516x.a(TAMDE.o)
                0x0000000000089d1f                vTAMDEint1FiredSyncReq
 .text.vTAMDEstartSync
                0x0000000000089d82       0x71 /Users/myu210/Desktop/MWSTAGE/MWSDK/ChipLib/SW4063V1416/Components/Library/libMAC_JN516x.a(TAMDE.o)
                0x0000000000089d82                vTAMDEstartSync
 .text.vDeterminePowerState
                0x0000000000089df3       0x89 /Users/myu210/Desktop/MWSTAGE/MWSDK/ChipLib/SW4063V1416/Components/Library/libMAC_JN516x.a(TAMDE.o)
 .text.vTAMDEreqTXnullTrackingCAP
                0x0000000000089e7c       0x19 /Users/myu210/Desktop/MWSTAGE/MWSDK/ChipLib/SW4063V1416/Components/Library/libMAC_JN516x.a(TAMDE.o)
                0x0000000000089e7c                vTAMDEreqTXnullTrackingCAP
 .text.vTAMDEframeTXDEnull
                0x0000000000089e95       0x22 /Users/myu210/Desktop/MWSTAGE/MWSDK/ChipLib/SW4063V1416/Components/Library/libMAC_JN516x.a(TAMDE.o)
                0x0000000000089e95                vTAMDEframeTXDEnull
 .text.vTAMDEframeTXtrackingCAPgts
                0x0000000000089eb7       0x2b /Users/myu210/Desktop/MWSTAGE/MWSDK/ChipLib/SW4063V1416/Components/Library/libMAC_JN516x.a(TAMDE.o)
                0x0000000000089eb7                vTAMDEframeTXtrackingCAPgts
 .text.vTAMDEframeRX
                0x0000000000089ee2       0x2a /Users/myu210/Desktop/MWSTAGE/MWSDK/ChipLib/SW4063V1416/Components/Library/libMAC_JN516x.a(TAMDE.o)
                0x0000000000089ee2                vTAMDEframeRX
 .text.vTAMDEint2FiredPollActive
                0x0000000000089f0c       0x31 /Users/myu210/Desktop/MWSTAGE/MWSDK/ChipLib/SW4063V1416/Components/Library/libMAC_JN516x.a(TAMDE.o)
                0x0000000000089f0c                vTAMDEint2FiredPollActive
 .text.vTAMDEint2FiredTrackingDR
                0x0000000000089f3d       0x25 /Users/myu210/Desktop/MWSTAGE/MWSDK/ChipLib/SW4063V1416/Components/Library/libMAC_JN516x.a(TAMDE.o)
                0x0000000000089f3d                vTAMDEint2FiredTrackingDR
 .text.vTAMDEframeRXtrackingDR
                0x0000000000089f62       0x42 /Users/myu210/Desktop/MWSTAGE/MWSDK/ChipLib/SW4063V1416/Components/Library/libMAC_JN516x.a(TAMDE.o)
                0x0000000000089f62                vTAMDEframeRXtrackingDR
 .text.vTAMDEframeTXtrackingDR
                0x0000000000089fa4       0x5a /Users/myu210/Desktop/MWSTAGE/MWSDK/ChipLib/SW4063V1416/Components/Library/libMAC_JN516x.a(TAMDE.o)
                0x0000000000089fa4                vTAMDEframeTXtrackingDR
 .text.vTAMDEint1FiredTrackingBeacon
                0x0000000000089ffe       0x98 /Users/myu210/Desktop/MWSTAGE/MWSDK/ChipLib/SW4063V1416/Components/Library/libMAC_JN516x.a(TAMDE.o)
                0x0000000000089ffe                vTAMDEint1FiredTrackingBeacon
 .text.vTAMDEframeRXsyncReq
                0x000000000008a096      0x221 /Users/myu210/Desktop/MWSTAGE/MWSDK/ChipLib/SW4063V1416/Components/Library/libMAC_JN516x.a(TAMDE.o)
                0x000000000008a096                vTAMDEframeRXsyncReq
 .text.vTAMDEframePreSyncReq
                0x000000000008a2b7       0x18 /Users/myu210/Desktop/MWSTAGE/MWSDK/ChipLib/SW4063V1416/Components/Library/libMAC_JN516x.a(TAMDE.o)
                0x000000000008a2b7                vTAMDEframePreSyncReq